[{"stream_name":"stderr","time":6.627689992,"data":"/usr/local/lib/python3.12/dist-packages/nbformat/__init__.py:96: MissingIDFieldWarning: Cell is missing an id field, this will become a hard error in future nbformat versions. You may want to use `normalize()` on your notebooks before validations (available since nbformat 5.1.4). Previous versions of nbformat are fixing this issue transparently, and will stop doing so in the future.\n"}
,{"stream_name":"stderr","time":6.628640864,"data":"  validate(nb)\n"}
,{"stream_name":"stderr","time":7.515199688,"data":"0.00s - Debugger warning: It seems that frozen modules are being used, which may\n"}
,{"stream_name":"stderr","time":7.515231984,"data":"0.00s - make the debugger miss breakpoints. Please pass -Xfrozen_modules=off\n"}
,{"stream_name":"stderr","time":7.515237107,"data":"0.00s - to python to disable frozen modules.\n"}
,{"stream_name":"stderr","time":7.515240675,"data":"0.00s - Note: Debugging will proceed. Set PYDEVD_DISABLE_FILE_VALIDATION=1 to disable this validation.\n"}
,{"stream_name":"stderr","time":8.119481808,"data":"0.00s - Debugger warning: It seems that frozen modules are being used, which may\n"}
,{"stream_name":"stderr","time":8.119513505,"data":"0.00s - make the debugger miss breakpoints. Please pass -Xfrozen_modules=off\n"}
,{"stream_name":"stderr","time":8.119518426,"data":"0.00s - to python to disable frozen modules.\n"}
,{"stream_name":"stderr","time":8.11952214,"data":"0.00s - Note: Debugging will proceed. Set PYDEVD_DISABLE_FILE_VALIDATION=1 to disable this validation.\n"}
,{"stream_name":"stdout","time":9.258691293,"data":"GPU detecte: Tesla T4\n"}
,{"stream_name":"stdout","time":9.258760234,"data":"Tesla T4\n"}
,{"stream_name":"stdout","time":24.509551162,"data":"timm: deja disponible\n"}
,{"stream_name":"stdout","time":24.50958583,"data":"onnx: deja disponible\n"}
,{"stream_name":"stdout","time":28.006789257,"data":"Device: cuda\n"}
,{"stream_name":"stdout","time":28.207269709,"data":"Contenu de /kaggle/input: ['datasets']\n"}
,{"stream_name":"stdout","time":28.207306094,"data":"INPUT_DIR resolu: /kaggle/input/datasets/amadouaz/cocoashield-cssvd-dataset\n"}
,{"stream_name":"stdout","time":28.207317309,"data":"Train -\u003e Train/Train/\n"}
,{"stream_name":"stdout","time":28.207321575,"data":"Val -\u003e Val/Val/\n"}
,{"stream_name":"stdout","time":28.207324553,"data":"Test -\u003e Test/Test/\n"}
,{"stream_name":"stdout","time":28.207327588,"data":"Train/healthy: 3250 images\n"}
,{"stream_name":"stdout","time":28.237785912,"data":"Train/cssvd: 4563 images\n"}
,{"stream_name":"stdout","time":28.237851845,"data":"Val/healthy: 813 images\n"}
,{"stream_name":"stdout","time":28.317740752,"data":"Val/cssvd: 1141 images\n"}
,{"stream_name":"stdout","time":28.317776887,"data":"Test/healthy: 1016 images\n"}
,{"stream_name":"stdout","time":28.317783185,"data":"Test/cssvd: 1426 images\n"}
,{"stream_name":"stdout","time":28.370977853,"data":"Train: 7813 Val: 1954 Test: 2442\n"}
,{"stream_name":"stdout","time":28.40987537,"data":"CPU detectes: 4 -\u003e num_workers train=4\n"}
,{"stream_name":"stdout","time":28.409903514,"data":"cssvd=4563 healthy=3250 pos_weight(healthy)=1.404\n"}
,{"stream_name":"stderr","time":28.677166392,"data":"Warning: You are sending unauthenticated requests to the HF Hub. Please set a HF_TOKEN to enable higher rate limits and faster downloads.\n"}
,{"stream_name":"stderr","time":28.677197297,"data":"\n"}
,{"stream_name":"stderr","time":28.677203408,"data":"Warning: You are sending unauthenticated requests to the HF Hub. Please set a HF_TOKEN to enable higher rate limits and faster downloads.\n"}
,{"stream_name":"stdout","time":30.080903358,"data":"mobilenetv3_large_100: 4.2M parametres\n"}
,{"stream_name":"stdout","time":30.144499488,"data":"EMA initialise (decay=0.999)\n"}
,{"stream_name":"stdout","time":420.208266469,"data":"Epoch 01/30 | train_loss=1.1092 | val_loss=1.7106 | val_auc=0.7494 (EMA) | val_acc=0.6760 | 387s\n"}
,{"stream_name":"stdout","time":420.208347964,"data":"  -\u003e nouveau meilleur modele EMA sauvegarde (AUC=0.7494)\n"}
,{"stream_name":"stdout","time":781.009588813,"data":"Epoch 02/30 | train_loss=0.5522 | val_loss=0.8581 | val_auc=0.8696 (EMA) | val_acc=0.7815 | 361s\n"}
,{"stream_name":"stdout","time":781.009621926,"data":"  -\u003e nouveau meilleur modele EMA sauvegarde (AUC=0.8696)\n"}
,{"stream_name":"stdout","time":1137.591155636,"data":"Epoch 03/30 | train_loss=0.5266 | val_loss=0.4921 | val_auc=0.9369 (EMA) | val_acc=0.8649 | 357s\n"}
,{"stream_name":"stdout","time":1137.591202112,"data":"  -\u003e nouveau meilleur modele EMA sauvegarde (AUC=0.9369)\n"}
,{"stream_name":"stdout","time":1491.888985836,"data":"Epoch 04/30 | train_loss=0.5068 | val_loss=0.3694 | val_auc=0.9638 (EMA) | val_acc=0.8920 | 354s\n"}
,{"stream_name":"stdout","time":1491.889026119,"data":"  -\u003e nouveau meilleur modele EMA sauvegarde (AUC=0.9638)\n"}
,{"stream_name":"stdout","time":1846.434087568,"data":"Epoch 05/30 | train_loss=0.4655 | val_loss=0.3011 | val_auc=0.9742 (EMA) | val_acc=0.9145 | 354s\n"}
,{"stream_name":"stdout","time":1846.434133415,"data":"  -\u003e nouveau meilleur modele EMA sauvegarde (AUC=0.9742)\n"}
,{"stream_name":"stdout","time":2201.260911554,"data":"Epoch 06/30 | train_loss=0.4048 | val_loss=0.2721 | val_auc=0.9785 (EMA) | val_acc=0.9217 | 355s\n"}
,{"stream_name":"stdout","time":2201.260953903,"data":"  -\u003e nouveau meilleur modele EMA sauvegarde (AUC=0.9785)\n"}
,{"stream_name":"stdout","time":2564.491303072,"data":"Epoch 07/30 | train_loss=0.4616 | val_loss=0.2483 | val_auc=0.9809 (EMA) | val_acc=0.9273 | 363s\n"}
,{"stream_name":"stdout","time":2564.491355549,"data":"  -\u003e nouveau meilleur modele EMA sauvegarde (AUC=0.9809)\n"}
,{"stream_name":"stdout","time":2917.191875792,"data":"Epoch 08/30 | train_loss=0.3945 | val_loss=0.2359 | val_auc=0.9827 (EMA) | val_acc=0.9304 | 353s\n"}
,{"stream_name":"stdout","time":2917.191962347,"data":"  -\u003e nouveau meilleur modele EMA sauvegarde (AUC=0.9827)\n"}
,{"stream_name":"stdout","time":3263.983911377,"data":"Epoch 09/30 | train_loss=0.4691 | val_loss=0.2216 | val_auc=0.9837 (EMA) | val_acc=0.9309 | 347s\n"}
,{"stream_name":"stdout","time":3263.983954182,"data":"  -\u003e nouveau meilleur modele EMA sauvegarde (AUC=0.9837)\n"}
,{"stream_name":"stdout","time":3611.482144726,"data":"Epoch 10/30 | train_loss=0.3886 | val_loss=0.2082 | val_auc=0.9847 (EMA) | val_acc=0.9391 | 347s\n"}
,{"stream_name":"stdout","time":3611.482188033,"data":"  -\u003e nouveau meilleur modele EMA sauvegarde (AUC=0.9847)\n"}
,{"stream_name":"stdout","time":3960.810889011,"data":"Epoch 11/30 | train_loss=0.3551 | val_loss=0.2029 | val_auc=0.9853 (EMA) | val_acc=0.9381 | 349s\n"}
,{"stream_name":"stdout","time":3960.81094169,"data":"  -\u003e nouveau meilleur modele EMA sauvegarde (AUC=0.9853)\n"}
,{"stream_name":"stdout","time":4301.444464647,"data":"Epoch 12/30 | train_loss=0.3856 | val_loss=0.1993 | val_auc=0.9857 (EMA) | val_acc=0.9396 | 341s\n"}
,{"stream_name":"stdout","time":4301.444504811,"data":"  -\u003e nouveau meilleur modele EMA sauvegarde (AUC=0.9857)\n"}
,{"stream_name":"stdout","time":4643.836827371,"data":"Epoch 13/30 | train_loss=0.3451 | val_loss=0.1930 | val_auc=0.9863 (EMA) | val_acc=0.9401 | 342s\n"}
,{"stream_name":"stdout","time":4643.836868529,"data":"  -\u003e nouveau meilleur modele EMA sauvegarde (AUC=0.9863)\n"}
,{"stream_name":"stdout","time":4991.179861356,"data":"Epoch 14/30 | train_loss=0.2959 | val_loss=0.1905 | val_auc=0.9863 (EMA) | val_acc=0.9396 | 347s\n"}
,{"stream_name":"stdout","time":4991.179908908,"data":"  -\u003e nouveau meilleur modele EMA sauvegarde (AUC=0.9863)\n"}
,{"stream_name":"stdout","time":5336.892866301,"data":"Epoch 15/30 | train_loss=0.3121 | val_loss=0.1860 | val_auc=0.9863 (EMA) | val_acc=0.9432 | 346s\n"}
,{"stream_name":"stdout","time":5336.892925503,"data":"  -\u003e nouveau meilleur modele EMA sauvegarde (AUC=0.9863)\n"}
,{"stream_name":"stdout","time":5691.241638924,"data":"Epoch 16/30 | train_loss=0.2931 | val_loss=0.1833 | val_auc=0.9865 (EMA) | val_acc=0.9442 | 354s\n"}
,{"stream_name":"stdout","time":5691.241702041,"data":"  -\u003e nouveau meilleur modele EMA sauvegarde (AUC=0.9865)\n"}
,{"stream_name":"stdout","time":6048.92692845,"data":"Epoch 17/30 | train_loss=0.2921 | val_loss=0.1819 | val_auc=0.9865 (EMA) | val_acc=0.9458 | 358s\n"}
,{"stream_name":"stdout","time":6404.800912095,"data":"Epoch 18/30 | train_loss=0.3042 | val_loss=0.1794 | val_auc=0.9866 (EMA) | val_acc=0.9463 | 356s\n"}
,{"stream_name":"stdout","time":6404.800970863,"data":"  -\u003e nouveau meilleur modele EMA sauvegarde (AUC=0.9866)\n"}
,{"stream_name":"stdout","time":6754.679084324,"data":"Epoch 19/30 | train_loss=0.2748 | val_loss=0.1750 | val_auc=0.9868 (EMA) | val_acc=0.9458 | 350s\n"}
,{"stream_name":"stdout","time":6754.679137593,"data":"  -\u003e nouveau meilleur modele EMA sauvegarde (AUC=0.9868)\n"}
,{"stream_name":"stdout","time":7106.080985423,"data":"Epoch 20/30 | train_loss=0.2683 | val_loss=0.1694 | val_auc=0.9872 (EMA) | val_acc=0.9473 | 351s\n"}
,{"stream_name":"stdout","time":7106.081044151,"data":"  -\u003e nouveau meilleur modele EMA sauvegarde (AUC=0.9872)\n"}
,{"stream_name":"stdout","time":7454.798302444,"data":"Epoch 21/30 | train_loss=0.2799 | val_loss=0.1672 | val_auc=0.9873 (EMA) | val_acc=0.9504 | 349s\n"}
,{"stream_name":"stdout","time":7454.798353199,"data":"  -\u003e nouveau meilleur modele EMA sauvegarde (AUC=0.9873)\n"}
,{"stream_name":"stdout","time":7822.969214968,"data":"Epoch 22/30 | train_loss=0.2280 | val_loss=0.1665 | val_auc=0.9873 (EMA) | val_acc=0.9504 | 368s\n"}
,{"stream_name":"stdout","time":7822.969255864,"data":"  -\u003e nouveau meilleur modele EMA sauvegarde (AUC=0.9873)\n"}
,{"stream_name":"stdout","time":8176.566252806,"data":"Epoch 23/30 | train_loss=0.2296 | val_loss=0.1663 | val_auc=0.9872 (EMA) | val_acc=0.9504 | 354s\n"}
,{"stream_name":"stdout","time":8527.319886067,"data":"Epoch 24/30 | train_loss=0.2244 | val_loss=0.1662 | val_auc=0.9870 (EMA) | val_acc=0.9504 | 351s\n"}
,{"stream_name":"stdout","time":8870.81085208,"data":"Epoch 25/30 | train_loss=0.2333 | val_loss=0.1677 | val_auc=0.9866 (EMA) | val_acc=0.9504 | 343s\n"}
,{"stream_name":"stdout","time":9216.516115115,"data":"Epoch 26/30 | train_loss=0.2130 | val_loss=0.1682 | val_auc=0.9863 (EMA) | val_acc=0.9498 | 346s\n"}
,{"stream_name":"stdout","time":9558.776493518,"data":"Epoch 27/30 | train_loss=0.2250 | val_loss=0.1681 | val_auc=0.9861 (EMA) | val_acc=0.9509 | 342s\n"}
,{"stream_name":"stdout","time":9893.301895759,"data":"Epoch 28/30 | train_loss=0.2120 | val_loss=0.1682 | val_auc=0.9859 (EMA) | val_acc=0.9504 | 335s\n"}
,{"stream_name":"stdout","time":10235.387912654,"data":"Epoch 29/30 | train_loss=0.2422 | val_loss=0.1686 | val_auc=0.9857 (EMA) | val_acc=0.9498 | 342s\n"}
,{"stream_name":"stdout","time":10575.344290849,"data":"Epoch 30/30 | train_loss=0.2220 | val_loss=0.1692 | val_auc=0.9855 (EMA) | val_acc=0.9504 | 340s\n"}
,{"stream_name":"stdout","time":10691.340048293,"data":"Test AUC: 0.9873\n"}
,{"stream_name":"stdout","time":10691.340076563,"data":"[[1338   88]\n"}
,{"stream_name":"stdout","time":10691.340080757,"data":" [  35  981]]\n"}
,{"stream_name":"stdout","time":10691.340107725,"data":"              precision    recall  f1-score   support\n"}
,{"stream_name":"stdout","time":10691.340112554,"data":"\n"}
,{"stream_name":"stdout","time":10691.34011615,"data":"       cssvd       0.97      0.94      0.96      1426\n"}
,{"stream_name":"stdout","time":10691.340120206,"data":"     healthy       0.92      0.97      0.94      1016\n"}
,{"stream_name":"stdout","time":10691.340124061,"data":"\n"}
,{"stream_name":"stdout","time":10691.340127346,"data":"    accuracy                           0.95      2442\n"}
,{"stream_name":"stdout","time":10691.340130631,"data":"   macro avg       0.95      0.95      0.95      2442\n"}
,{"stream_name":"stdout","time":10691.340134041,"data":"weighted avg       0.95      0.95      0.95      2442\n"}
,{"stream_name":"stdout","time":10691.340137575,"data":"\n"}
,{"stream_name":"stdout","time":10691.498522384,"data":"Ratio d'activation sur les bords (test): 0.0%\n"}
,{"stream_name":"stdout","time":10691.498556076,"data":"OK — activation concentree sur la zone centrale (feuille), pas sur les bords.\n"}
,{"stream_name":"stderr","time":10691.732279201,"data":"/tmp/ipykernel_23/3257669779.py:5: DeprecationWarning: You are using the legacy TorchScript-based ONNX export. Starting in PyTorch 2.9, the new torch.export-based ONNX exporter has become the default. Learn more about the new export logic: https://docs.pytorch.org/docs/stable/onnx_export.html. For exporting control flow: https://pytorch.org/tutorials/beginner/onnx/export_control_flow_model_to_onnx_tutorial.html\n"}
,{"stream_name":"stderr","time":10691.732315464,"data":"  torch.onnx.export(\n"}
,{"stream_name":"stderr","time":10691.732320064,"data":"\n"}
,{"stream_name":"stderr","time":10691.732323631,"data":"/tmp/ipykernel_23/3257669779.py:5: DeprecationWarning: You are using the legacy TorchScript-based ONNX export. Starting in PyTorch 2.9, the new torch.export-based ONNX exporter has become the default. Learn more about the new export logic: https://docs.pytorch.org/docs/stable/onnx_export.html. For exporting control flow: https://pytorch.org/tutorials/beginner/onnx/export_control_flow_model_to_onnx_tutorial.html\n"}
,{"stream_name":"stderr","time":10691.732328371,"data":"  torch.onnx.export(\n"}
,{"stream_name":"stdout","time":10693.217691285,"data":"ONNX exporte: 16.800414 MB\n"}
,{"stream_name":"stdout","time":10693.292777458,"data":"TorchScript exporte\n"}
,{"stream_name":"stdout","time":10696.467218679,"data":"     ━━━━━━━━━━━━━━━━━━━━━━━━━━━━━━━━━━━━━━━ 223.5/223.5 kB 7.1 MB/s eta 0:00:00\n"}
,{"stream_name":"stdout","time":10696.669331753,"data":"     ━━━━━━━━━━━━━━━━━━━━━━━━━━━━━━━━━━━━━━━ 223.5/223.5 kB 7.1 MB/s eta 0:00:00\n"}
,{"stream_name":"stdout","time":10697.208970114,"data":"     ━━━━━━━━━━━━━━━━━━━━━━━━━━━━━━━━━━━━━━━━ 62.0/62.0 kB 4.7 MB/s eta 0:00:00\n"}
,{"stream_name":"stdout","time":10697.410629433,"data":"     ━━━━━━━━━━━━━━━━━━━━━━━━━━━━━━━━━━━━━━━━ 62.0/62.0 kB 4.7 MB/s eta 0:00:00\n"}
,{"stream_name":"stdout","time":10698.770716469,"data":"     ━━━━━━━━━━━━━━━━━━━━━━━━━━━━━━━━━━━━━━━━ 57.7/57.7 kB 4.0 MB/s eta 0:00:00\n"}
,{"stream_name":"stdout","time":10698.972701761,"data":"     ━━━━━━━━━━━━━━━━━━━━━━━━━━━━━━━━━━━━━━━━ 57.7/57.7 kB 4.0 MB/s eta 0:00:00\n"}
,{"stream_name":"stdout","time":10699.38817354,"data":"   ━━━━━━━━━━━━━━━━━━━━━━━━━━━━━━━━━━━━━━━━ 2.5/2.5 MB 47.8 MB/s eta 0:00:00\n"}
,{"stream_name":"stdout","time":10699.457848404,"data":"   ━━━━━━━━━━━━━━━━━━━━━━━━━━━━━━━━━━━━━━━━ 2.9/2.9 MB 90.1 MB/s eta 0:00:00\n"}
,{"stream_name":"stdout","time":10699.591152308,"data":"   ━━━━━━━━━━━━━━━━━━━━━━━━━━━━━━━━━━━━━━━━ 2.5/2.5 MB 47.8 MB/s eta 0:00:00\n"}
,{"stream_name":"stdout","time":10699.591195043,"data":"   ━━━━━━━━━━━━━━━━━━━━━━━━━━━━━━━━━━━━━━━━ 2.9/2.9 MB 90.1 MB/s eta 0:00:00\n"}
,{"stream_name":"stdout","time":10699.65320836,"data":"   ━━━━━━━━━━━━━━━━━━━━━━━━━━━━━━━━━━━━━━━━ 16.3/16.3 MB 73.3 MB/s eta 0:00:00\n"}
,{"stream_name":"stdout","time":10699.713203959,"data":"   ━━━━━━━━━━━━━━━━━━━━━━━━━━━━━━━━━━━━━━━━ 4.9/4.9 MB 103.8 MB/s eta 0:00:00\n"}
,{"stream_name":"stdout","time":10699.855379219,"data":"   ━━━━━━━━━━━━━━━━━━━━━━━━━━━━━━━━━━━━━━━━ 16.3/16.3 MB 73.3 MB/s eta 0:00:00\n"}
,{"stream_name":"stdout","time":10699.85540776,"data":"   ━━━━━━━━━━━━━━━━━━━━━━━━━━━━━━━━━━━━━━━━ 4.9/4.9 MB 103.8 MB/s eta 0:00:00\n"}
,{"stream_name":"stdout","time":10699.862447847,"data":"   ━━━━━━━━━━━━━━━━━━━━━━━━━━━━━━━━━━━━━━━━ 16.5/16.5 MB 93.7 MB/s eta 0:00:00\n"}
,{"stream_name":"stdout","time":10700.031837799,"data":"   ━━━━━━━━━━━━━━━━━━━━━━━━━━━━━━━━━━━━━━━━ 17.5/17.5 MB 87.0 MB/s eta 0:00:00\n"}
,{"stream_name":"stdout","time":10700.064508767,"data":"   ━━━━━━━━━━━━━━━━━━━━━━━━━━━━━━━━━━━━━━━━ 16.5/16.5 MB 93.7 MB/s eta 0:00:00\n"}
,{"stream_name":"stdout","time":10700.064533079,"data":"   ━━━━━━━━━━━━━━━━━━━━━━━━━━━━━━━━━━━━━━━━ 17.5/17.5 MB 87.0 MB/s eta 0:00:00\n"}
,{"stream_name":"stdout","time":10700.066400013,"data":"   ━━━━━━━━━━━━━━━━━━━━━━━━━━━━━━━━━━━━━━━━ 1.0/1.0 MB 49.5 MB/s eta 0:00:00\n"}
,{"stream_name":"stdout","time":10700.236354646,"data":"   ━━━━━━━━━━━━━━━━━━━━━━━━━━━━━━━━━━━━━━━━ 18.2/18.2 MB 87.5 MB/s eta 0:00:00\n"}
,{"stream_name":"stdout","time":10700.268433781,"data":"   ━━━━━━━━━━━━━━━━━━━━━━━━━━━━━━━━━━━━━━━━ 1.0/1.0 MB 49.5 MB/s eta 0:00:00\n"}
,{"stream_name":"stdout","time":10700.268462304,"data":"   ━━━━━━━━━━━━━━━━━━━━━━━━━━━━━━━━━━━━━━━━ 18.2/18.2 MB 87.5 MB/s eta 0:00:00\n"}
,{"stream_name":"stdout","time":10700.270823616,"data":"   ━━━━━━━━━━━━━━━━━━━━━━━━━━━━━━━━━━━━━━━━ 689.1/689.1 kB 33.6 MB/s eta 0:00:00\n"}
,{"stream_name":"stdout","time":10700.295151572,"data":"   ━━━━━━━━━━━━━━━━━━━━━━━━━━━━━━━━━━━━━━━━ 327.1/327.1 kB 26.0 MB/s eta 0:00:00\n"}
,{"stream_name":"stdout","time":10700.321877734,"data":"   ━━━━━━━━━━━━━━━━━━━━━━━━━━━━━━━━━━━━━━━━ 374.8/374.8 kB 26.0 MB/s eta 0:00:00\n"}
,{"stream_name":"stdout","time":10700.365852025,"data":"   ━━━━━━━━━━━━━━━━━━━━━━━━━━━━━━━━━━━━━━━━ 78.5/78.5 kB 6.9 MB/s eta 0:00:00\n"}
,{"stream_name":"stdout","time":10700.388436076,"data":"   ━━━━━━━━━━━━━━━━━━━━━━━━━━━━━━━━━━━━━━━━ 59.3/59.3 kB 5.0 MB/s eta 0:00:00\n"}
,{"stream_name":"stdout","time":10700.414062232,"data":"   ━━━━━━━━━━━━━━━━━━━━━━━━━━━━━━━━━━━━━━━━ 166.8/166.8 kB 11.7 MB/s eta 0:00:00\n"}
,{"stream_name":"stdout","time":10700.472710217,"data":"   ━━━━━━━━━━━━━━━━━━━━━━━━━━━━━━━━━━━━━━━━ 689.1/689.1 kB 33.6 MB/s eta 0:00:00\n"}
,{"stream_name":"stdout","time":10700.472730933,"data":"   ━━━━━━━━━━━━━━━━━━━━━━━━━━━━━━━━━━━━━━━━ 327.1/327.1 kB 26.0 MB/s eta 0:00:00\n"}
,{"stream_name":"stdout","time":10700.472736555,"data":"   ━━━━━━━━━━━━━━━━━━━━━━━━━━━━━━━━━━━━━━━━ 374.8/374.8 kB 26.0 MB/s eta 0:00:00\n"}
,{"stream_name":"stdout","time":10700.472740597,"data":"   ━━━━━━━━━━━━━━━━━━━━━━━━━━━━━━━━━━━━━━━━ 78.5/78.5 kB 6.9 MB/s eta 0:00:00\n"}
,{"stream_name":"stdout","time":10700.472744585,"data":"   ━━━━━━━━━━━━━━━━━━━━━━━━━━━━━━━━━━━━━━━━ 59.3/59.3 kB 5.0 MB/s eta 0:00:00\n"}
,{"stream_name":"stdout","time":10700.47275037,"data":"   ━━━━━━━━━━━━━━━━━━━━━━━━━━━━━━━━━━━━━━━━ 166.8/166.8 kB 11.7 MB/s eta 0:00:00\n"}
,{"stream_name":"stderr","time":10742.390136047,"data":"ERROR: pip's dependency resolver does not currently take into account all the packages that are installed. This behaviour is the source of the following dependency conflicts.\n"}
,{"stream_name":"stderr","time":10742.390173073,"data":"bigframes 2.39.0 requires google-cloud-bigquery-storage\u003c3.0.0,\u003e=2.30.0, which is not installed.\n"}
,{"stream_name":"stderr","time":10742.390179082,"data":"google-adk 1.29.0 requires google-cloud-bigquery-storage\u003e=2.0.0, which is not installed.\n"}
,{"stream_name":"stderr","time":10742.39018446,"data":"grpcio-tools 1.71.2 requires protobuf\u003c6.0dev,\u003e=5.26.1, but you have protobuf 7.35.1 which is incompatible.\n"}
,{"stream_name":"stderr","time":10742.390189343,"data":"google-colab 1.0.0 requires jupyter-server==2.14.0, but you have jupyter-server 2.12.5 which is incompatible.\n"}
,{"stream_name":"stderr","time":10742.390193923,"data":"google-colab 1.0.0 requires pandas==2.2.2, but you have pandas 2.3.3 which is incompatible.\n"}
,{"stream_name":"stderr","time":10742.390198761,"data":"dopamine-rl 4.1.2 requires gym\u003c=0.25.2, but you have gym 0.26.2 which is incompatible.\n"}
,{"stream_name":"stderr","time":10742.390203298,"data":"moviepy 1.0.3 requires decorator\u003c5.0,\u003e=4.0.2, but you have decorator 5.3.1 which is incompatible.\n"}
,{"stream_name":"stderr","time":10742.390429927,"data":"google-cloud-bigtable 2.36.0 requires protobuf!=4.21.0,!=4.21.1,!=4.21.2,!=4.21.3,!=4.21.4,!=4.21.5,\u003c7.0.0,\u003e=3.20.2, but you have protobuf 7.35.1 which is incompatible.\n"}
,{"stream_name":"stderr","time":10742.390453113,"data":"google-ai-generativelanguage 0.6.15 requires protobuf!=4.21.0,!=4.21.1,!=4.21.2,!=4.21.3,!=4.21.4,!=4.21.5,\u003c6.0.0dev,\u003e=3.20.2, but you have protobuf 7.35.1 which is incompatible.\n"}
,{"stream_name":"stderr","time":10742.390475593,"data":"ydf 0.15.0 requires protobuf\u003c7.0.0,\u003e=5.29.1, but you have protobuf 7.35.1 which is incompatible.\n"}
,{"stream_name":"stderr","time":10742.390481059,"data":"google-cloud-discoveryengine 0.13.12 requires protobuf!=4.21.0,!=4.21.1,!=4.21.2,!=4.21.3,!=4.21.4,!=4.21.5,\u003c7.0.0,\u003e=3.20.2, but you have protobuf 7.35.1 which is incompatible.\n"}
,{"stream_name":"stderr","time":10742.390486011,"data":"google-cloud-aiplatform 1.148.1 requires protobuf!=4.21.0,!=4.21.1,!=4.21.2,!=4.21.3,!=4.21.4,!=4.21.5,\u003c7.0.0,\u003e=3.20.2, but you have protobuf 7.35.1 which is incompatible.\n"}
,{"stream_name":"stderr","time":10742.390490715,"data":"numba 0.60.0 requires numpy\u003c2.1,\u003e=1.22, but you have numpy 2.2.6 which is incompatible.\n"}
,{"stream_name":"stderr","time":10742.390495103,"data":"opentelemetry-proto 1.38.0 requires protobuf\u003c7.0,\u003e=5.0, but you have protobuf 7.35.1 which is incompatible.\n"}
,{"stream_name":"stderr","time":10742.390499608,"data":"grpcio-status 1.71.2 requires protobuf\u003c6.0dev,\u003e=5.26.1, but you have protobuf 7.35.1 which is incompatible.\n"}
,{"stream_name":"stderr","time":10742.598775483,"data":"ERROR: pip's dependency resolver does not currently take into account all the packages that are installed. This behaviour is the source of the following dependency conflicts.\n"}
,{"stream_name":"stderr","time":10742.598822518,"data":"bigframes 2.39.0 requires google-cloud-bigquery-storage\u003c3.0.0,\u003e=2.30.0, which is not installed.\n"}
,{"stream_name":"stderr","time":10742.598832187,"data":"google-adk 1.29.0 requires google-cloud-bigquery-storage\u003e=2.0.0, which is not installed.\n"}
,{"stream_name":"stderr","time":10742.598837738,"data":"grpcio-tools 1.71.2 requires protobuf\u003c6.0dev,\u003e=5.26.1, but you have protobuf 7.35.1 which is incompatible.\n"}
,{"stream_name":"stderr","time":10742.598842958,"data":"google-colab 1.0.0 requires jupyter-server==2.14.0, but you have jupyter-server 2.12.5 which is incompatible.\n"}
,{"stream_name":"stderr","time":10742.598847949,"data":"google-colab 1.0.0 requires pandas==2.2.2, but you have pandas 2.3.3 which is incompatible.\n"}
,{"stream_name":"stderr","time":10742.598853,"data":"dopamine-rl 4.1.2 requires gym\u003c=0.25.2, but you have gym 0.26.2 which is incompatible.\n"}
,{"stream_name":"stderr","time":10742.598858097,"data":"moviepy 1.0.3 requires decorator\u003c5.0,\u003e=4.0.2, but you have decorator 5.3.1 which is incompatible.\n"}
,{"stream_name":"stderr","time":10742.598863113,"data":"google-cloud-bigtable 2.36.0 requires protobuf!=4.21.0,!=4.21.1,!=4.21.2,!=4.21.3,!=4.21.4,!=4.21.5,\u003c7.0.0,\u003e=3.20.2, but you have protobuf 7.35.1 which is incompatible.\n"}
,{"stream_name":"stderr","time":10742.598868614,"data":"google-ai-generativelanguage 0.6.15 requires protobuf!=4.21.0,!=4.21.1,!=4.21.2,!=4.21.3,!=4.21.4,!=4.21.5,\u003c6.0.0dev,\u003e=3.20.2, but you have protobuf 7.35.1 which is incompatible.\n"}
,{"stream_name":"stderr","time":10742.59887423,"data":"ydf 0.15.0 requires protobuf\u003c7.0.0,\u003e=5.29.1, but you have protobuf 7.35.1 which is incompatible.\n"}
,{"stream_name":"stderr","time":10742.598879317,"data":"google-cloud-discoveryengine 0.13.12 requires protobuf!=4.21.0,!=4.21.1,!=4.21.2,!=4.21.3,!=4.21.4,!=4.21.5,\u003c7.0.0,\u003e=3.20.2, but you have protobuf 7.35.1 which is incompatible.\n"}
,{"stream_name":"stderr","time":10742.598884762,"data":"google-cloud-aiplatform 1.148.1 requires protobuf!=4.21.0,!=4.21.1,!=4.21.2,!=4.21.3,!=4.21.4,!=4.21.5,\u003c7.0.0,\u003e=3.20.2, but you have protobuf 7.35.1 which is incompatible.\n"}
,{"stream_name":"stderr","time":10742.598906993,"data":"numba 0.60.0 requires numpy\u003c2.1,\u003e=1.22, but you have numpy 2.2.6 which is incompatible.\n"}
,{"stream_name":"stderr","time":10742.598923305,"data":"opentelemetry-proto 1.38.0 requires protobuf\u003c7.0,\u003e=5.0, but you have protobuf 7.35.1 which is incompatible.\n"}
,{"stream_name":"stderr","time":10742.598928239,"data":"grpcio-status 1.71.2 requires protobuf\u003c6.0dev,\u003e=5.26.1, but you have protobuf 7.35.1 which is incompatible.\n"}
,{"stream_name":"stderr","time":10742.598932662,"data":"\n"}
,{"stream_name":"stderr","time":10742.598937731,"data":"ERROR: pip's dependency resolver does not currently take into account all the packages that are installed. This behaviour is the source of the following dependency conflicts.\n"}
,{"stream_name":"stderr","time":10742.598942581,"data":"bigframes 2.39.0 requires google-cloud-bigquery-storage\u003c3.0.0,\u003e=2.30.0, which is not installed.\n"}
,{"stream_name":"stderr","time":10742.598947441,"data":"google-adk 1.29.0 requires google-cloud-bigquery-storage\u003e=2.0.0, which is not installed.\n"}
,{"stream_name":"stderr","time":10742.598951823,"data":"grpcio-tools 1.71.2 requires protobuf\u003c6.0dev,\u003e=5.26.1, but you have protobuf 7.35.1 which is incompatible.\n"}
,{"stream_name":"stderr","time":10742.598956639,"data":"google-colab 1.0.0 requires jupyter-server==2.14.0, but you have jupyter-server 2.12.5 which is incompatible.\n"}
,{"stream_name":"stderr","time":10742.598961391,"data":"google-colab 1.0.0 requires pandas==2.2.2, but you have pandas 2.3.3 which is incompatible.\n"}
,{"stream_name":"stderr","time":10742.598965853,"data":"dopamine-rl 4.1.2 requires gym\u003c=0.25.2, but you have gym 0.26.2 which is incompatible.\n"}
,{"stream_name":"stderr","time":10742.598970357,"data":"moviepy 1.0.3 requires decorator\u003c5.0,\u003e=4.0.2, but you have decorator 5.3.1 which is incompatible.\n"}
,{"stream_name":"stderr","time":10742.59897523,"data":"google-cloud-bigtable 2.36.0 requires protobuf!=4.21.0,!=4.21.1,!=4.21.2,!=4.21.3,!=4.21.4,!=4.21.5,\u003c7.0.0,\u003e=3.20.2, but you have protobuf 7.35.1 which is incompatible.\n"}
,{"stream_name":"stderr","time":10742.598980309,"data":"google-ai-generativelanguage 0.6.15 requires protobuf!=4.21.0,!=4.21.1,!=4.21.2,!=4.21.3,!=4.21.4,!=4.21.5,\u003c6.0.0dev,\u003e=3.20.2, but you have protobuf 7.35.1 which is incompatible.\n"}
,{"stream_name":"stderr","time":10742.598985439,"data":"ydf 0.15.0 requires protobuf\u003c7.0.0,\u003e=5.29.1, but you have protobuf 7.35.1 which is incompatible.\n"}
,{"stream_name":"stderr","time":10742.598990025,"data":"google-cloud-discoveryengine 0.13.12 requires protobuf!=4.21.0,!=4.21.1,!=4.21.2,!=4.21.3,!=4.21.4,!=4.21.5,\u003c7.0.0,\u003e=3.20.2, but you have protobuf 7.35.1 which is incompatible.\n"}
,{"stream_name":"stderr","time":10742.598995017,"data":"google-cloud-aiplatform 1.148.1 requires protobuf!=4.21.0,!=4.21.1,!=4.21.2,!=4.21.3,!=4.21.4,!=4.21.5,\u003c7.0.0,\u003e=3.20.2, but you have protobuf 7.35.1 which is incompatible.\n"}
,{"stream_name":"stderr","time":10742.599000024,"data":"numba 0.60.0 requires numpy\u003c2.1,\u003e=1.22, but you have numpy 2.2.6 which is incompatible.\n"}
,{"stream_name":"stderr","time":10742.599004944,"data":"opentelemetry-proto 1.38.0 requires protobuf\u003c7.0,\u003e=5.0, but you have protobuf 7.35.1 which is incompatible.\n"}
,{"stream_name":"stderr","time":10742.599010543,"data":"grpcio-status 1.71.2 requires protobuf\u003c6.0dev,\u003e=5.26.1, but you have protobuf 7.35.1 which is incompatible.\n"}
,{"stream_name":"stdout","time":10746.813927174,"data":"\n"}
,{"stream_name":"stdout","time":10746.813954524,"data":"\u001b[07mModel optimizing started\u001b[0m ============================================================\n"}
,{"stream_name":"stdout","time":10746.813960416,"data":"Simplifying...\n"}
,{"stream_name":"stdout","time":10746.813964212,"data":"Finish! Here is the difference:\n"}
,{"stream_name":"stdout","time":10746.81398148,"data":"┏━━━━━━━━━━━━━━━━━━━┳━━━━━━━━━━━━━━━━┳━━━━━━━━━━━━━━━━━━┓\n"}
,{"stream_name":"stdout","time":10746.813987055,"data":"┃                   ┃ Original Model ┃ Simplified Model ┃\n"}
,{"stream_name":"stdout","time":10746.813991367,"data":"┡━━━━━━━━━━━━━━━━━━━╇━━━━━━━━━━━━━━━━╇━━━━━━━━━━━━━━━━━━┩\n"}
,{"stream_name":"stdout","time":10746.813995722,"data":"│ Add               │ 10             │ 10               │\n"}
,{"stream_name":"stdout","time":10746.813999448,"data":"│ Constant          │ 128            │ 128              │\n"}
,{"stream_name":"stdout","time":10746.81400321,"data":"│ Conv              │ 63             │ 63               │\n"}
,{"stream_name":"stdout","time":10746.814007282,"data":"│ Flatten           │ 1              │ 1                │\n"}
,{"stream_name":"stdout","time":10746.814010959,"data":"│ Gemm              │ 1              │ 1                │\n"}
,{"stream_name":"stdout","time":10746.814014502,"data":"│ GlobalAveragePool │ 1              │ 1                │\n"}
,{"stream_name":"stdout","time":10746.814396165,"data":"│ HardSigmoid       │ 8              │ 8                │\n"}
,{"stream_name":"stdout","time":10746.814412586,"data":"│ HardSwish         │ 21             │ 21               │\n"}
,{"stream_name":"stdout","time":10746.814417157,"data":"│ Mul               │ 8              │ 8                │\n"}
,{"stream_name":"stdout","time":10746.814421274,"data":"│ ReduceMean        │ 8              │ 8                │\n"}
,{"stream_name":"stdout","time":10746.814425308,"data":"│ Relu              │ 19             │ 19               │\n"}
,{"stream_name":"stdout","time":10746.814429046,"data":"│ Model Size        │ 16.0MiB        │ 16.0MiB          │\n"}
,{"stream_name":"stdout","time":10746.814432768,"data":"└───────────────────┴────────────────┴──────────────────┘\n"}
,{"stream_name":"stdout","time":10746.814436858,"data":"\n"}
,{"stream_name":"stdout","time":10746.814440302,"data":"Simplifying...\n"}
,{"stream_name":"stdout","time":10746.81444358,"data":"Finish! Here is the difference:\n"}
,{"stream_name":"stdout","time":10746.814447286,"data":"┏━━━━━━━━━━━━━━━━━━━┳━━━━━━━━━━━━━━━━┳━━━━━━━━━━━━━━━━━━┓\n"}
,{"stream_name":"stdout","time":10746.814451212,"data":"┃                   ┃ Original Model ┃ Simplified Model ┃\n"}
,{"stream_name":"stdout","time":10746.814455464,"data":"┡━━━━━━━━━━━━━━━━━━━╇━━━━━━━━━━━━━━━━╇━━━━━━━━━━━━━━━━━━┩\n"}
,{"stream_name":"stderr","time":10746.835837173,"data":"\rflatbuffer_direct lowering:   0%|          | 0/140 [00:00\u003c?, ?it/s]\rflatbuffer_direct lowering:   0%|          | 0/140 [00:00\u003c?, ?it/s]\rflatbuffer_direct lowering:   0%|          | 0/140 [00:00\u003c?, ?it/s, |]\rflatbuffer_direct lowering: 100%|██████████| 140/140 [00:00\u003c00:00, 6461.44it/s]\rflatbuffer_direct lowering: 100%|██████████| 140/140 [00:00\u003c00:00, 6415.76it/s]\n"}
,{"stream_name":"stdout","time":10747.016533393,"data":"│ Add               │\n"}
,{"stream_name":"stdout","time":10747.016566949,"data":"\u001b[07mModel optimizing started\u001b[0m ============================================================\n"}
,{"stream_name":"stdout","time":10747.016589387,"data":"Simplifying...\n"}
,{"stream_name":"stdout","time":10747.016594303,"data":"Finish! Here is the difference:\n"}
,{"stream_name":"stdout","time":10747.016598684,"data":"┏━━━━━━━━━━━━━━━━━━━┳━━━━━━━━━━━━━━━━┳━━━━━━━━━━━━━━━━━━┓\n"}
,{"stream_name":"stdout","time":10747.016604041,"data":"┃                   ┃ Original Model ┃ Simplified Model ┃\n"}
,{"stream_name":"stdout","time":10747.016608586,"data":"┡━━━━━━━━━━━━━━━━━━━╇━━━━━━━━━━━━━━━━╇━━━━━━━━━━━━━━━━━━┩\n"}
,{"stream_name":"stdout","time":10747.01661346,"data":"│ Add               │ 10             │ 10               │\n"}
,{"stream_name":"stdout","time":10747.01661771,"data":"│ Constant          │ 128            │ 128              │\n"}
,{"stream_name":"stdout","time":10747.016621921,"data":"│ Conv              │ 63             │ 63               │\n"}
,{"stream_name":"stdout","time":10747.016626154,"data":"│ Flatten           │ 1              │ 1                │\n"}
,{"stream_name":"stdout","time":10747.016630448,"data":"│ Gemm              │ 1              │ 1                │\n"}
,{"stream_name":"stdout","time":10747.01663476,"data":"│ GlobalAveragePool │ 1              │ 1                │\n"}
,{"stream_name":"stdout","time":10747.016638828,"data":"│ HardSigmoid       │ 8              │ 8                │\n"}
,{"stream_name":"stdout","time":10747.016642969,"data":"│ HardSwish         │ 21             │ 21               │\n"}
,{"stream_name":"stdout","time":10747.016647195,"data":"│ Mul               │ 8              │ 8                │\n"}
,{"stream_name":"stdout","time":10747.016651875,"data":"│ ReduceMean        │ 8              │ 8                │\n"}
,{"stream_name":"stdout","time":10747.016656122,"data":"│ Relu              │ 19             │ 19               │\n"}
,{"stream_name":"stdout","time":10747.016660569,"data":"│ Model Size        │ 16.0MiB        │ 16.0MiB          │\n"}
,{"stream_name":"stdout","time":10747.016664881,"data":"└───────────────────┴────────────────┴──────────────────┘\n"}
,{"stream_name":"stdout","time":10747.016669714,"data":"\n"}
,{"stream_name":"stdout","time":10747.016673682,"data":"Simplifying...\n"}
,{"stream_name":"stdout","time":10747.01667771,"data":"Finish! Here is the difference:\n"}
,{"stream_name":"stdout","time":10747.016681885,"data":"┏━━━━━━━━━━━━━━━━━━━┳━━━━━━━━━━━━━━━━┳━━━━━━━━━━━━━━━━━━┓\n"}
,{"stream_name":"stdout","time":10747.016686612,"data":"┃                   ┃ Original Model ┃ Simplified Model ┃\n"}
,{"stream_name":"stdout","time":10747.016690893,"data":"┡━━━━━━━━━━━━━━━━━━━╇━━━━━━━━━━━━━━━━╇━━━━━━━━━━━━━━━━━━┩\n"}
,{"stream_name":"stderr","time":10747.017536554,"data":"\rflatbuffer_direct post-lowering:   0%|          | 0/6 [00:00\u003c?, ?it/s]\rflatbuffer_direct post-lowering:   0%|          | 0/6 [00:00\u003c?, ?it/s]\rflatbuffer_direct post-lowering:   0%|          | 0/6 [00:00\u003c?, ?it/s, |]\rflatbuffer_direct post-lowering [1/6] outputs:   0%|          | 0/6 [00:00\u003c?, ?it/s, |]\rflatbuffer_direct post-lowering [1/6] outputs:   0%|          | 0/6 [00:00\u003c?, ?it/s]   \rflatbuffer_direct post-lowering [1/6] outputs:  17%|█▋        | 1/6 [00:00\u003c00:00, 840.04it/s]\rflatbuffer_direct post-lowering [1/6] outputs:  17%|█▋        | 1/6 [00:00\u003c00:00, 741.17it/s, |]\rflatbuffer_direct post-lowering [2/6] layout optimize pass-set 1:  17%|█▋        | 1/6 [00:00\u003c00:00, 602.63it/s, |]\rflatbuffer_direct post-lowering [2/6] layout optimize pass-set 1:  17%|█▋        | 1/6 [00:00\u003c00:00,  9.36it/s, /] \rflatbuffer_direct lowering:   0%|          | 0/140 [00:00\u003c?, ?it/s]\rflatbuffer_direct lowering:   0%|          | 0/140 [00:00\u003c?, ?it/s]\rflatbuffer_direct lowering:   0%|          | 0/140 [00:00\u003c?, ?it/s, |]\rflatbuffer_direct lowering: 100%|██████████| 140/140 [00:00\u003c00:00, 6461.44it/s]\rflatbuffer_direct lowering: 100%|██████████| 140/140 [00:00\u003c00:00, 6415.76it/s]\n"}
,{"stream_name":"stderr","time":10747.017573758,"data":"\rflatbuffer_direct post-lowering:   0%|          | 0/6 [00:00\u003c?, ?it/s]\rflatbuffer_direct post-lowering:   0%|          | 0/6 [00:00\u003c?, ?it/s]\rflatbuffer_direct post-lowering:   0%|          | 0/6 [00:00\u003c?, ?it/s, |]\rflatbuffer_direct post-lowering [1/6] outputs:   0%|          | 0/6 [00:00\u003c?, ?it/s, |]\rflatbuffer_direct post-lowering [1/6] outputs:   0%|          | 0/6 [00:00\u003c?, ?it/s]   \rflatbuffer_direct post-lowering [1/6] outputs:  17%|█▋        | 1/6 [00:00\u003c00:00, 840.04it/s]\rflatbuffer_direct post-lowering [1/6] outputs:  17%|█▋        | 1/6 [00:00\u003c00:00, 741.17it/s, |]\rflatbuffer_direct post-lowering [2/6] layout optimize pass-set 1:  17%|█▋        | 1/6 [00:00\u003c00:00, 602.63it/s, |]\rflatbuffer_direct post-lowering [2/6] layout optimize pass-set 1:  17%|█▋        | 1/6 [00:00\u003c00:00,  9.36it/s, /] \n"}
,{"stream_name":"stderr","time":10747.017582682,"data":"\rflatbuffer_direct lowering:   0%|          | 0/140 [00:00\u003c?, ?it/s]\rflatbuffer_direct lowering:   0%|          | 0/140 [00:00\u003c?, ?it/s]\rflatbuffer_direct lowering:   0%|          | 0/140 [00:00\u003c?, ?it/s, |]\rflatbuffer_direct lowering: 100%|██████████| 140/140 [00:00\u003c00:00, 6461.44it/s]\rflatbuffer_direct lowering: 100%|██████████| 140/140 [00:00\u003c00:00, 6415.76it/s]\n"}
,{"stream_name":"stderr","time":10747.255814803,"data":"\rflatbuffer_direct post-lowering:   0%|          | 0/6 [00:00\u003c?, ?it/s]\rflatbuffer_direct post-lowering:   0%|          | 0/6 [00:00\u003c?, ?it/s]\rflatbuffer_direct post-lowering:   0%|          | 0/6 [00:00\u003c?, ?it/s, |]\rflatbuffer_direct post-lowering [1/6] outputs:   0%|          | 0/6 [00:00\u003c?, ?it/s, |]\rflatbuffer_direct post-lowering [1/6] outputs:   0%|          | 0/6 [00:00\u003c?, ?it/s]   \rflatbuffer_direct post-lowering [1/6] outputs:  17%|█▋        | 1/6 [00:00\u003c00:00, 840.04it/s]\rflatbuffer_direct post-lowering [1/6] outputs:  17%|█▋        | 1/6 [00:00\u003c00:00, 741.17it/s, |]\rflatbuffer_direct post-lowering [2/6] layout optimize pass-set 1:  17%|█▋        | 1/6 [00:00\u003c00:00, 602.63it/s, |]\rflatbuffer_direct post-lowering [2/6] layout optimize pass-set 1:  17%|█▋        | 1/6 [00:00\u003c00:00,  9.36it/s, /] \rflatbuffer_direct post-lowering [2/6] layout optimize pass-set 1:  17%|█▋        | 1/6 [00:00\u003c00:01,  4.63it/s, -]\rflatbuffer_direct post-lowering [2/6] layout optimize pass-set 1:  17%|█▋        | 1/6 [00:00\u003c00:01,  3.25it/s]   \rflatbuffer_direct post-lowering [2/6] layout optimize pass-set 1:  33%|███▎      | 2/6 [00:00\u003c00:00,  6.49it/s]\rflatbuffer_direct post-lowering [2/6] layout optimize pass-set 1:  33%|███▎      | 2/6 [00:00\u003c00:00,  6.49it/s]\rflatbuffer_direct post-lowering [2/6] layout optimize pass-set 1:  33%|███▎      | 2/6 [00:00\u003c00:00,  6.49it/s, |]\rflatbuffer_direct post-lowering [3/6] core cleanup passes:  33%|███▎      | 2/6 [00:00\u003c00:00,  6.49it/s, |]       \rflatbuffer_direct post-lowering [3/6] core cleanup passes:  33%|███▎      | 2/6 [00:00\u003c00:00,  6.49it/s]   \rflatbuffer_direct post-lowering [3/6] core cleanup passes:  50%|█████     | 3/6 [00:00\u003c00:00,  6.49it/s]\rflatbuffer_direct post-lowering [3/6] core cleanup passes:  50%|█████     | 3/6 [00:00\u003c00:00,  6.49it/s, |]\rflatbuffer_direct post-lowering [4/6] layout recovery pass-set 2:  50%|█████     | 3/6 [00:00\u003c00:00,  6.49it/s, |]\rflatbuffer_direct post-lowering [4/6] layout recovery pass-set 2:  50%|█████     | 3/6 [00:00\u003c00:00,  6.49it/s]   \rflatbuffer_direct post-lowering [4/6] layout recovery pass-set 2:  67%|██████▋   | 4/6 [00:00\u003c00:00, 10.49it/s]\rflatbuffer_direct post-lowering [4/6] layout recovery pass-set 2:  67%|██████▋   | 4/6 [00:00\u003c00:00, 10.49it/s]\rflatbuffer_direct post-lowering [4/6] layout recovery pass-set 2:  67%|██████▋   | 4/6 [00:00\u003c00:00, 10.49it/s, |]\rflatbuffer_direct post-lowering [5/6] terminal cleanup passes:  67%|██████▋   | 4/6 [00:00\u003c00:00, 10.49it/s, |]   \rflatbuffer_direct post-lowering [2/6] layout optimize pass-set 1:  17%|█▋        | 1/6 [00:00\u003c00:01,  4.63it/s, -]\rflatbuffer_direct post-lowering [2/6] layout optimize pass-set 1:  17%|█▋        | 1/6 [00:00\u003c00:01,  3.25it/s]   \rflatbuffer_direct post-lowering [2/6] layout optimize pass-set 1:  33%|███▎      | 2/6 [00:00\u003c00:00,  6.49it/s]\rflatbuffer_direct post-lowering [2/6] layout optimize pass-set 1:  33%|███▎      | 2/6 [00:00\u003c00:00,  6.49it/s]\rflatbuffer_direct post-lowering [2/6] layout optimize pass-set 1:  33%|███▎      | 2/6 [00:00\u003c00:00,  6.49it/s, |]\rflatbuffer_direct post-lowering [3/6] core cleanup passes:  33%|███▎      | 2/6 [00:00\u003c00:00,  6.49it/s, |]       \rflatbuffer_direct post-lowering [3/6] core cleanup passes:  33%|███▎      | 2/6 [00:00\u003c00:00,  6.49it/s]   \rflatbuffer_direct post-lowering [3/6] core cleanup passes:  50%|█████     | 3/6 [00:00\u003c00:00,  6.49it/s]\rflatbuffer_direct post-lowering [3/6] core cleanup passes:  50%|█████     | 3/6 [00:00\u003c00:00,  6.49it/s, |]\rflatbuffer_direct post-lowering [4/6] layout recovery pass-set 2:  50%|█████     | 3/6 [00:00\u003c00:00,  6.49it/s, |]\rflatbuffer_direct post-lowering [4/6] layout recovery pass-set 2:  50%|█████     | 3/6 [00:00\u003c00:00,  6.49it/s]   \rflatbuffer_direct post-lowering [4/6] layout recovery pass-set 2:  67%|██████▋   | 4/6 [00:00\u003c00:00, 10.49it/s]\n"}
,{"stream_name":"stderr","time":10747.456508413,"data":"\rflatbuffer_direct post-lowering [2/6] layout optimize pass-set 1:  17%|█▋        | 1/6 [00:00\u003c00:01,  4.63it/s, -]\rflatbuffer_direct post-lowering [2/6] layout optimize pass-set 1:  17%|█▋        | 1/6 [00:00\u003c00:01,  3.25it/s]   \rflatbuffer_direct post-lowering [2/6] layout optimize pass-set 1:  33%|███▎      | 2/6 [00:00\u003c00:00,  6.49it/s]\rflatbuffer_direct post-lowering [2/6] layout optimize pass-set 1:  33%|███▎      | 2/6 [00:00\u003c00:00,  6.49it/s]\rflatbuffer_direct post-lowering [2/6] layout optimize pass-set 1:  33%|███▎      | 2/6 [00:00\u003c00:00,  6.49it/s, |]\rflatbuffer_direct post-lowering [3/6] core cleanup passes:  33%|███▎      | 2/6 [00:00\u003c00:00,  6.49it/s, |]       \rflatbuffer_direct post-lowering [3/6] core cleanup passes:  33%|███▎      | 2/6 [00:00\u003c00:00,  6.49it/s]   \rflatbuffer_direct post-lowering [3/6] core cleanup passes:  50%|█████     | 3/6 [00:00\u003c00:00,  6.49it/s]\rflatbuffer_direct post-lowering [3/6] core cleanup passes:  50%|█████     | 3/6 [00:00\u003c00:00,  6.49it/s, |]\rflatbuffer_direct post-lowering [4/6] layout recovery pass-set 2:  50%|█████     | 3/6 [00:00\u003c00:00,  6.49it/s, |]\rflatbuffer_direct post-lowering [4/6] layout recovery pass-set 2:  50%|█████     | 3/6 [00:00\u003c00:00,  6.49it/s]   \rflatbuffer_direct post-lowering [4/6] layout recovery pass-set 2:  67%|██████▋   | 4/6 [00:00\u003c00:00, 10.49it/s]\rflatbuffer_direct post-lowering [5/6] terminal cleanup passes:  67%|██████▋   | 4/6 [00:00\u003c00:00, 10.49it/s, /]\rflatbuffer_direct post-lowering [4/6] layout recovery pass-set 2:  67%|██████▋   | 4/6 [00:00\u003c00:00, 10.49it/s]\rflatbuffer_direct post-lowering [4/6] layout recovery pass-set 2:  67%|██████▋   | 4/6 [00:00\u003c00:00, 10.49it/s, |]\rflatbuffer_direct post-lowering [5/6] terminal cleanup passes:  67%|██████▋   | 4/6 [00:00\u003c00:00, 10.49it/s, |]   \rflatbuffer_direct post-lowering [5/6] terminal cleanup passes:  67%|██████▋   | 4/6 [00:00\u003c00:00, 10.49it/s, /]\n"}
,{"stream_name":"stderr","time":10747.575463345,"data":"\rflatbuffer_direct post-lowering [4/6] layout recovery pass-set 2:  67%|██████▋   | 4/6 [00:00\u003c00:00, 10.49it/s]\rflatbuffer_direct post-lowering [4/6] layout recovery pass-set 2:  67%|██████▋   | 4/6 [00:00\u003c00:00, 10.49it/s, |]\rflatbuffer_direct post-lowering [5/6] terminal cleanup passes:  67%|██████▋   | 4/6 [00:00\u003c00:00, 10.49it/s, |]   \rflatbuffer_direct post-lowering [5/6] terminal cleanup passes:  67%|██████▋   | 4/6 [00:00\u003c00:00, 10.49it/s, /]\rflatbuffer_direct post-lowering [5/6] terminal cleanup passes:  67%|██████▋   | 4/6 [00:00\u003c00:00, 10.49it/s, -]\rflatbuffer_direct post-lowering [5/6] terminal cleanup passes:  67%|██████▋   | 4/6 [00:00\u003c00:00, 10.49it/s]   \rflatbuffer_direct post-lowering [5/6] terminal cleanup passes:  83%|████████▎ | 5/6 [00:00\u003c00:00, 10.49it/s]\rflatbuffer_direct post-lowering [5/6] terminal cleanup passes:  83%|████████▎ | 5/6 [00:00\u003c00:00, 10.49it/s, |]\rflatbuffer_direct post-lowering [6/6] topological sort:  83%|████████▎ | 5/6 [00:00\u003c00:00, 10.49it/s, |]       \rflatbuffer_direct post-lowering [6/6] topological sort:  83%|████████▎ | 5/6 [00:00\u003c00:00, 10.49it/s]   \rflatbuffer_direct post-lowering [6/6] topological sort: 100%|██████████| 6/6 [00:00\u003c00:00,  7.97it/s]\rflatbuffer_direct post-lowering [6/6] topological sort: 100%|██████████| 6/6 [00:00\u003c00:00,  7.97it/s]\rflatbuffer_direct post-lowering [6/6] topological sort: 100%|██████████| 6/6 [00:00\u003c00:00,  8.12it/s]\n"}
,{"stream_name":"stderr","time":10747.66228927,"data":"\rflatbuffer_direct export:   0%|          | 0/7 [00:00\u003c?, ?it/s]\rflatbuffer_direct export:   0%|          | 0/7 [00:00\u003c?, ?it/s]\rflatbuffer_direct export:   0%|          | 0/7 [00:00\u003c?, ?it/s, |]\rflatbuffer_direct export [1/7] tensor correspondence report:   0%|          | 0/7 [00:00\u003c?, ?it/s, |]\rflatbuffer_direct export [1/7] tensor correspondence report:   0%|          | 0/7 [00:00\u003c?, ?it/s]   \rflatbuffer_direct export [1/7] tensor correspondence report:  14%|█▍        | 1/7 [00:00\u003c00:00, 74.58it/s]\rflatbuffer_direct export [1/7] tensor correspondence report:  14%|█▍        | 1/7 [00:00\u003c00:00, 73.79it/s, |]\rflatbuffer_direct export [2/7] write float32 tflite:  14%|█▍        | 1/7 [00:00\u003c00:00, 71.91it/s, |]        \rflatbuffer_direct post-lowering [5/6] terminal cleanup passes:  67%|██████▋   | 4/6 [00:00\u003c00:00, 10.49it/s, -]\rflatbuffer_direct post-lowering [5/6] terminal cleanup passes:  67%|██████▋   | 4/6 [00:00\u003c00:00, 10.49it/s]   \rflatbuffer_direct post-lowering [5/6] terminal cleanup passes:  83%|████████▎ | 5/6 [00:00\u003c00:00, 10.49it/s]\rflatbuffer_direct post-lowering [5/6] terminal cleanup passes:  83%|████████▎ | 5/6 [00:00\u003c00:00, 10.49it/s, |]\rflatbuffer_direct post-lowering [6/6] topological sort:  83%|████████▎ | 5/6 [00:00\u003c00:00, 10.49it/s, |]       \rflatbuffer_direct post-lowering [6/6] topological sort:  83%|████████▎ | 5/6 [00:00\u003c00:00, 10.49it/s]   \rflatbuffer_direct post-lowering [6/6] topological sort: 100%|██████████| 6/6 [00:00\u003c00:00,  7.97it/s]\rflatbuffer_direct post-lowering [6/6] topological sort: 100%|██████████| 6/6 [00:00\u003c00:00,  7.97it/s]\rflatbuffer_direct post-lowering [6/6] topological sort: 100%|██████████| 6/6 [00:00\u003c00:00,  8.12it/s]\n"}
,{"stream_name":"stderr","time":10747.662363851,"data":"\rflatbuffer_direct export:   0%|          | 0/7 [00:00\u003c?, ?it/s]\rflatbuffer_direct export:   0%|          | 0/7 [00:00\u003c?, ?it/s]\rflatbuffer_direct export:   0%|          | 0/7 [00:00\u003c?, ?it/s, |]\rflatbuffer_direct export [1/7] tensor correspondence report:   0%|          | 0/7 [00:00\u003c?, ?it/s, |]\rflatbuffer_direct export [1/7] tensor correspondence report:   0%|          | 0/7 [00:00\u003c?, ?it/s]   \rflatbuffer_direct export [1/7] tensor correspondence report:  14%|█▍        | 1/7 [00:00\u003c00:00, 74.58it/s]\rflatbuffer_direct export [1/7] tensor correspondence report:  14%|█▍        | 1/7 [00:00\u003c00:00, 73.79it/s, |]\rflatbuffer_direct export [2/7] write float32 tflite:  14%|█▍        | 1/7 [00:00\u003c00:00, 71.91it/s, |]        \n"}
,{"stream_name":"stderr","time":10747.662374716,"data":"\rflatbuffer_direct post-lowering [5/6] terminal cleanup passes:  67%|██████▋   | 4/6 [00:00\u003c00:00, 10.49it/s, -]\rflatbuffer_direct post-lowering [5/6] terminal cleanup passes:  67%|██████▋   | 4/6 [00:00\u003c00:00, 10.49it/s]   \rflatbuffer_direct post-lowering [5/6] terminal cleanup passes:  83%|████████▎ | 5/6 [00:00\u003c00:00, 10.49it/s]\rflatbuffer_direct post-lowering [5/6] terminal cleanup passes:  83%|████████▎ | 5/6 [00:00\u003c00:00, 10.49it/s, |]\rflatbuffer_direct post-lowering [6/6] topological sort:  83%|████████▎ | 5/6 [00:00\u003c00:00, 10.49it/s, |]       \rflatbuffer_direct post-lowering [6/6] topological sort:  83%|████████▎ | 5/6 [00:00\u003c00:00, 10.49it/s]   \rflatbuffer_direct post-lowering [6/6] topological sort: 100%|██████████| 6/6 [00:00\u003c00:00,  7.97it/s]\rflatbuffer_direct post-lowering [6/6] topological sort: 100%|██████████| 6/6 [00:00\u003c00:00,  7.97it/s]\rflatbuffer_direct post-lowering [6/6] topological sort: 100%|██████████| 6/6 [00:00\u003c00:00,  8.12it/s]\n"}
,{"stream_name":"stderr","time":10747.705363863,"data":"\rflatbuffer_direct export:   0%|          | 0/7 [00:00\u003c?, ?it/s]\rflatbuffer_direct export:   0%|          | 0/7 [00:00\u003c?, ?it/s]\rflatbuffer_direct export:   0%|          | 0/7 [00:00\u003c?, ?it/s, |]\rflatbuffer_direct export [1/7] tensor correspondence report:   0%|          | 0/7 [00:00\u003c?, ?it/s, |]\rflatbuffer_direct export [1/7] tensor correspondence report:   0%|          | 0/7 [00:00\u003c?, ?it/s]   \rflatbuffer_direct export [1/7] tensor correspondence report:  14%|█▍        | 1/7 [00:00\u003c00:00, 74.58it/s]\rflatbuffer_direct export [1/7] tensor correspondence report:  14%|█▍        | 1/7 [00:00\u003c00:00, 73.79it/s, |]\rflatbuffer_direct export [2/7] write float32 tflite:  14%|█▍        | 1/7 [00:00\u003c00:00, 71.91it/s, |]        \rflatbuffer_direct export [2/7] write float32 tflite:  14%|█▍        | 1/7 [00:00\u003c00:00,  8.77it/s, /]\r                                                                                                     \r\rflatbuffer_direct export [2/7] write float32 tflite:  14%|█▍        | 1/7 [00:00\u003c00:00,  8.50it/s, /]\rflatbuffer_direct export [2/7] write float32 tflite:  14%|█▍        | 1/7 [00:00\u003c00:00,  8.48it/s]   \rflatbuffer_direct export [2/7] write float32 tflite:  29%|██▊       | 2/7 [00:00\u003c00:00, 16.94it/s]\rflatbuffer_direct export [2/7] write float32 tflite:  29%|██▊       | 2/7 [00:00\u003c00:00, 16.94it/s]\rflatbuffer_direct export [2/7] write float32 tflite:  29%|██▊       | 2/7 [00:00\u003c00:00, 16.86it/s]\n"}
,{"stream_name":"stderr","time":10747.883418949,"data":"\rflatbuffer_direct lowering:   0%|          | 0/140 [00:00\u003c?, ?it/s]\rflatbuffer_direct lowering:   0%|          | 0/140 [00:00\u003c?, ?it/s]\rflatbuffer_direct lowering:   0%|          | 0/140 [00:00\u003c?, ?it/s, |]\rflatbuffer_direct lowering: 100%|██████████| 140/140 [00:00\u003c00:00, 5138.23it/s]\rflatbuffer_direct lowering: 100%|██████████| 140/140 [00:00\u003c00:00, 5109.44it/s]\n"}
,{"stream_name":"stderr","time":10747.903444088,"data":"\rflatbuffer_direct post-lowering:   0%|          | 0/6 [00:00\u003c?, ?it/s]\rflatbuffer_direct post-lowering:   0%|          | 0/6 [00:00\u003c?, ?it/s]\rflatbuffer_direct post-lowering:   0%|          | 0/6 [00:00\u003c?, ?it/s, |]\rflatbuffer_direct post-lowering [1/6] outputs:   0%|          | 0/6 [00:00\u003c?, ?it/s, |]\rflatbuffer_direct post-lowering [1/6] outputs:   0%|          | 0/6 [00:00\u003c?, ?it/s]   \rflatbuffer_direct post-lowering [1/6] outputs:  17%|█▋        | 1/6 [00:00\u003c00:00, 1015.57it/s]\rflatbuffer_direct post-lowering [1/6] outputs:  17%|█▋        | 1/6 [00:00\u003c00:00, 887.50it/s, |]\rflatbuffer_direct post-lowering [2/6] layout optimize pass-set 1:  17%|█▋        | 1/6 [00:00\u003c00:00, 694.19it/s, |]\rflatbuffer_direct export [2/7] write float32 tflite:  14%|█▍        | 1/7 [00:00\u003c00:00,  8.77it/s, /]\r                                                                                                     \r\rflatbuffer_direct export [2/7] write float32 tflite:  14%|█▍        | 1/7 [00:00\u003c00:00,  8.50it/s, /]\rflatbuffer_direct export [2/7] write float32 tflite:  14%|█▍        | 1/7 [00:00\u003c00:00,  8.48it/s]   \rflatbuffer_direct export [2/7] write float32 tflite:  29%|██▊       | 2/7 [00:00\u003c00:00, 16.94it/s]\rflatbuffer_direct export [2/7] write float32 tflite:  29%|██▊       | 2/7 [00:00\u003c00:00, 16.94it/s]\rflatbuffer_direct export [2/7] write float32 tflite:  29%|██▊       | 2/7 [00:00\u003c00:00, 16.86it/s]\n"}
,{"stream_name":"stderr","time":10747.903472311,"data":"\rflatbuffer_direct lowering:   0%|          | 0/140 [00:00\u003c?, ?it/s]\rflatbuffer_direct lowering:   0%|          | 0/140 [00:00\u003c?, ?it/s]\rflatbuffer_direct lowering:   0%|          | 0/140 [00:00\u003c?, ?it/s, |]\rflatbuffer_direct lowering: 100%|██████████| 140/140 [00:00\u003c00:00, 5138.23it/s]\rflatbuffer_direct lowering: 100%|██████████| 140/140 [00:00\u003c00:00, 5109.44it/s]\n"}
,{"stream_name":"stderr","time":10747.903479642,"data":"\rflatbuffer_direct post-lowering:   0%|          | 0/6 [00:00\u003c?, ?it/s]\rflatbuffer_direct post-lowering:   0%|          | 0/6 [00:00\u003c?, ?it/s]\rflatbuffer_direct post-lowering:   0%|          | 0/6 [00:00\u003c?, ?it/s, |]\rflatbuffer_direct post-lowering [1/6] outputs:   0%|          | 0/6 [00:00\u003c?, ?it/s, |]\rflatbuffer_direct post-lowering [1/6] outputs:   0%|          | 0/6 [00:00\u003c?, ?it/s]   \rflatbuffer_direct post-lowering [1/6] outputs:  17%|█▋        | 1/6 [00:00\u003c00:00, 1015.57it/s]\rflatbuffer_direct post-lowering [1/6] outputs:  17%|█▋        | 1/6 [00:00\u003c00:00, 887.50it/s, |]\rflatbuffer_direct post-lowering [2/6] layout optimize pass-set 1:  17%|█▋        | 1/6 [00:00\u003c00:00, 694.19it/s, |]\n"}
,{"stream_name":"stderr","time":10747.903487465,"data":"\rflatbuffer_direct export [2/7] write float32 tflite:  14%|█▍        | 1/7 [00:00\u003c00:00,  8.77it/s, /]\r                                                                                                     \r\rflatbuffer_direct export [2/7] write float32 tflite:  14%|█▍        | 1/7 [00:00\u003c00:00,  8.50it/s, /]\rflatbuffer_direct export [2/7] write float32 tflite:  14%|█▍        | 1/7 [00:00\u003c00:00,  8.48it/s]   \rflatbuffer_direct export [2/7] write float32 tflite:  29%|██▊       | 2/7 [00:00\u003c00:00, 16.94it/s]\rflatbuffer_direct export [2/7] write float32 tflite:  29%|██▊       | 2/7 [00:00\u003c00:00, 16.94it/s]\rflatbuffer_direct export [2/7] write float32 tflite:  29%|██▊       | 2/7 [00:00\u003c00:00, 16.86it/s]\n"}
,{"stream_name":"stderr","time":10747.903510117,"data":"\rflatbuffer_direct lowering:   0%|          | 0/140 [00:00\u003c?, ?it/s]\rflatbuffer_direct lowering:   0%|          | 0/140 [00:00\u003c?, ?it/s]\rflatbuffer_direct lowering:   0%|          | 0/140 [00:00\u003c?, ?it/s, |]\rflatbuffer_direct lowering: 100%|██████████| 140/140 [00:00\u003c00:00, 5138.23it/s]\rflatbuffer_direct lowering: 100%|██████████| 140/140 [00:00\u003c00:00, 5109.44it/s]\n"}
,{"stream_name":"stderr","time":10748.192861473,"data":"\rflatbuffer_direct post-lowering:   0%|          | 0/6 [00:00\u003c?, ?it/s]\rflatbuffer_direct post-lowering:   0%|          | 0/6 [00:00\u003c?, ?it/s]\rflatbuffer_direct post-lowering:   0%|          | 0/6 [00:00\u003c?, ?it/s, |]\rflatbuffer_direct post-lowering [1/6] outputs:   0%|          | 0/6 [00:00\u003c?, ?it/s, |]\rflatbuffer_direct post-lowering [1/6] outputs:   0%|          | 0/6 [00:00\u003c?, ?it/s]   \rflatbuffer_direct post-lowering [1/6] outputs:  17%|█▋        | 1/6 [00:00\u003c00:00, 1015.57it/s]\rflatbuffer_direct post-lowering [1/6] outputs:  17%|█▋        | 1/6 [00:00\u003c00:00, 887.50it/s, |]\rflatbuffer_direct post-lowering [2/6] layout optimize pass-set 1:  17%|█▋        | 1/6 [00:00\u003c00:00, 694.19it/s, |]\rflatbuffer_direct post-lowering [2/6] layout optimize pass-set 1:  17%|█▋        | 1/6 [00:00\u003c00:00,  9.38it/s, /] \rflatbuffer_direct post-lowering [2/6] layout optimize pass-set 1:  17%|█▋        | 1/6 [00:00\u003c00:01,  4.60it/s, -]\rflatbuffer_direct post-lowering [2/6] layout optimize pass-set 1:  17%|█▋        | 1/6 [00:00\u003c00:01,  3.54it/s]   \rflatbuffer_direct post-lowering [2/6] layout optimize pass-set 1:  33%|███▎      | 2/6 [00:00\u003c00:00,  7.09it/s]\rflatbuffer_direct post-lowering [2/6] layout optimize pass-set 1:  33%|███▎      | 2/6 [00:00\u003c00:00,  7.09it/s]\rflatbuffer_direct post-lowering [2/6] layout optimize pass-set 1:  33%|███▎      | 2/6 [00:00\u003c00:00,  7.09it/s, |]\rflatbuffer_direct post-lowering [3/6] core cleanup passes:  33%|███▎      | 2/6 [00:00\u003c00:00,  7.09it/s, |]       \rflatbuffer_direct post-lowering [3/6] core cleanup passes:  33%|███▎      | 2/6 [00:00\u003c00:00,  7.09it/s]   \rflatbuffer_direct post-lowering [3/6] core cleanup passes:  50%|█████     | 3/6 [00:00\u003c00:00,  7.09it/s]\rflatbuffer_direct post-lowering [3/6] core cleanup passes:  50%|█████     | 3/6 [00:00\u003c00:00,  7.09it/s, |]\rflatbuffer_direct post-lowering [4/6] layout recovery pass-set 2:  50%|█████     | 3/6 [00:00\u003c00:00,  7.09it/s, |]\rflatbuffer_direct post-lowering [2/6] layout optimize pass-set 1:  17%|█▋        | 1/6 [00:00\u003c00:00,  9.38it/s, /] \rflatbuffer_direct post-lowering [2/6] layout optimize pass-set 1:  17%|█▋        | 1/6 [00:00\u003c00:01,  4.60it/s, -]\rflatbuffer_direct post-lowering [2/6] layout optimize pass-set 1:  17%|█▋        | 1/6 [00:00\u003c00:01,  3.54it/s]   \rflatbuffer_direct post-lowering [2/6] layout optimize pass-set 1:  33%|███▎      | 2/6 [00:00\u003c00:00,  7.09it/s]\rflatbuffer_direct post-lowering [2/6] layout optimize pass-set 1:  33%|███▎      | 2/6 [00:00\u003c00:00,  7.09it/s]\rflatbuffer_direct post-lowering [2/6] layout optimize pass-set 1:  33%|███▎      | 2/6 [00:00\u003c00:00,  7.09it/s, |]\rflatbuffer_direct post-lowering [3/6] core cleanup passes:  33%|███▎      | 2/6 [00:00\u003c00:00,  7.09it/s, |]       \rflatbuffer_direct post-lowering [3/6] core cleanup passes:  33%|███▎      | 2/6 [00:00\u003c00:00,  7.09it/s]   \rflatbuffer_direct post-lowering [3/6] core cleanup passes:  50%|█████     | 3/6 [00:00\u003c00:00,  7.09it/s]\rflatbuffer_direct post-lowering [3/6] core cleanup passes:  50%|█████     | 3/6 [00:00\u003c00:00,  7.09it/s, |]\rflatbuffer_direct post-lowering [4/6] layout recovery pass-set 2:  50%|█████     | 3/6 [00:00\u003c00:00,  7.09it/s, |]\n"}
,{"stream_name":"stderr","time":10748.476820495,"data":"\rflatbuffer_direct post-lowering [2/6] layout optimize pass-set 1:  17%|█▋        | 1/6 [00:00\u003c00:00,  9.38it/s, /] \rflatbuffer_direct post-lowering [2/6] layout optimize pass-set 1:  17%|█▋        | 1/6 [00:00\u003c00:01,  4.60it/s, -]\rflatbuffer_direct post-lowering [2/6] layout optimize pass-set 1:  17%|█▋        | 1/6 [00:00\u003c00:01,  3.54it/s]   \rflatbuffer_direct post-lowering [2/6] layout optimize pass-set 1:  33%|███▎      | 2/6 [00:00\u003c00:00,  7.09it/s]\rflatbuffer_direct post-lowering [2/6] layout optimize pass-set 1:  33%|███▎      | 2/6 [00:00\u003c00:00,  7.09it/s]\rflatbuffer_direct post-lowering [2/6] layout optimize pass-set 1:  33%|███▎      | 2/6 [00:00\u003c00:00,  7.09it/s, |]\rflatbuffer_direct post-lowering [3/6] core cleanup passes:  33%|███▎      | 2/6 [00:00\u003c00:00,  7.09it/s, |]       \rflatbuffer_direct post-lowering [3/6] core cleanup passes:  33%|███▎      | 2/6 [00:00\u003c00:00,  7.09it/s]   \rflatbuffer_direct post-lowering [3/6] core cleanup passes:  50%|█████     | 3/6 [00:00\u003c00:00,  7.09it/s]\rflatbuffer_direct post-lowering [3/6] core cleanup passes:  50%|█████     | 3/6 [00:00\u003c00:00,  7.09it/s, |]\rflatbuffer_direct post-lowering [4/6] layout recovery pass-set 2:  50%|█████     | 3/6 [00:00\u003c00:00,  7.09it/s, |]\rflatbuffer_direct post-lowering [4/6] layout recovery pass-set 2:  50%|█████     | 3/6 [00:00\u003c00:00,  7.09it/s]   \rflatbuffer_direct post-lowering [4/6] layout recovery pass-set 2:  67%|██████▋   | 4/6 [00:00\u003c00:00, 11.11it/s]\rflatbuffer_direct post-lowering [4/6] layout recovery pass-set 2:  67%|██████▋   | 4/6 [00:00\u003c00:00, 11.11it/s]\rflatbuffer_direct post-lowering [4/6] layout recovery pass-set 2:  67%|██████▋   | 4/6 [00:00\u003c00:00, 11.11it/s, |]\rflatbuffer_direct post-lowering [5/6] terminal cleanup passes:  67%|██████▋   | 4/6 [00:00\u003c00:00, 11.11it/s, |]   \rflatbuffer_direct post-lowering [5/6] terminal cleanup passes:  67%|██████▋   | 4/6 [00:00\u003c00:00, 11.11it/s, /]\rflatbuffer_direct post-lowering [4/6] layout recovery pass-set 2:  50%|█████     | 3/6 [00:00\u003c00:00,  7.09it/s]   \rflatbuffer_direct post-lowering [4/6] layout recovery pass-set 2:  67%|██████▋   | 4/6 [00:00\u003c00:00, 11.11it/s]\rflatbuffer_direct post-lowering [4/6] layout recovery pass-set 2:  67%|██████▋   | 4/6 [00:00\u003c00:00, 11.11it/s]\rflatbuffer_direct post-lowering [4/6] layout recovery pass-set 2:  67%|██████▋   | 4/6 [00:00\u003c00:00, 11.11it/s, |]\rflatbuffer_direct post-lowering [5/6] terminal cleanup passes:  67%|██████▋   | 4/6 [00:00\u003c00:00, 11.11it/s, |]   \rflatbuffer_direct post-lowering [5/6] terminal cleanup passes:  67%|██████▋   | 4/6 [00:00\u003c00:00, 11.11it/s, /]\n"}
,{"stream_name":"stderr","time":10748.643030117,"data":"\rflatbuffer_direct post-lowering [4/6] layout recovery pass-set 2:  50%|█████     | 3/6 [00:00\u003c00:00,  7.09it/s]   \rflatbuffer_direct post-lowering [4/6] layout recovery pass-set 2:  67%|██████▋   | 4/6 [00:00\u003c00:00, 11.11it/s]\rflatbuffer_direct post-lowering [4/6] layout recovery pass-set 2:  67%|██████▋   | 4/6 [00:00\u003c00:00, 11.11it/s]\rflatbuffer_direct post-lowering [4/6] layout recovery pass-set 2:  67%|██████▋   | 4/6 [00:00\u003c00:00, 11.11it/s, |]\rflatbuffer_direct post-lowering [5/6] terminal cleanup passes:  67%|██████▋   | 4/6 [00:00\u003c00:00, 11.11it/s, |]   \rflatbuffer_direct post-lowering [5/6] terminal cleanup passes:  67%|██████▋   | 4/6 [00:00\u003c00:00, 11.11it/s, /]\rflatbuffer_direct post-lowering [5/6] terminal cleanup passes:  67%|██████▋   | 4/6 [00:00\u003c00:00, 11.11it/s, -]\rflatbuffer_direct post-lowering [5/6] terminal cleanup passes:  67%|██████▋   | 4/6 [00:00\u003c00:00, 11.11it/s]   \rflatbuffer_direct post-lowering [5/6] terminal cleanup passes:  83%|████████▎ | 5/6 [00:00\u003c00:00, 11.11it/s]\rflatbuffer_direct post-lowering [5/6] terminal cleanup passes:  83%|████████▎ | 5/6 [00:00\u003c00:00, 11.11it/s, |]\rflatbuffer_direct post-lowering [6/6] topological sort:  83%|████████▎ | 5/6 [00:00\u003c00:00, 11.11it/s, |]       \rflatbuffer_direct post-lowering [6/6] topological sort:  83%|████████▎ | 5/6 [00:00\u003c00:00, 11.11it/s]   \rflatbuffer_direct post-lowering [6/6] topological sort: 100%|██████████| 6/6 [00:00\u003c00:00,  7.55it/s]\rflatbuffer_direct post-lowering [6/6] topological sort: 100%|██████████| 6/6 [00:00\u003c00:00,  7.55it/s]\rflatbuffer_direct post-lowering [6/6] topological sort: 100%|██████████| 6/6 [00:00\u003c00:00,  7.92it/s]\n"}
,{"stream_name":"stderr","time":10748.683475286,"data":"\rflatbuffer_direct export:   0%|          | 0/7 [00:00\u003c?, ?it/s]\rflatbuffer_direct export:   0%|          | 0/7 [00:00\u003c?, ?it/s]\rflatbuffer_direct export:   0%|          | 0/7 [00:00\u003c?, ?it/s, |]\rflatbuffer_direct export [1/7] tensor correspondence report:   0%|          | 0/7 [00:00\u003c?, ?it/s, |]\rflatbuffer_direct export [1/7] tensor correspondence report:   0%|          | 0/7 [00:00\u003c?, ?it/s]   \rflatbuffer_direct export [1/7] tensor correspondence report:  14%|█▍        | 1/7 [00:00\u003c00:00, 78.53it/s]\rflatbuffer_direct export [1/7] tensor correspondence report:  14%|█▍        | 1/7 [00:00\u003c00:00, 77.56it/s, |]\rflatbuffer_direct export [2/7] write float32 tflite:  14%|█▍        | 1/7 [00:00\u003c00:00, 75.41it/s, |]        \rflatbuffer_direct post-lowering [5/6] terminal cleanup passes:  67%|██████▋   | 4/6 [00:00\u003c00:00, 11.11it/s, -]\rflatbuffer_direct post-lowering [5/6] terminal cleanup passes:  67%|██████▋   | 4/6 [00:00\u003c00:00, 11.11it/s]   \rflatbuffer_direct post-lowering [5/6] terminal cleanup passes:  83%|████████▎ | 5/6 [00:00\u003c00:00, 11.11it/s]\rflatbuffer_direct post-lowering [5/6] terminal cleanup passes:  83%|████████▎ | 5/6 [00:00\u003c00:00, 11.11it/s, |]\rflatbuffer_direct post-lowering [6/6] topological sort:  83%|████████▎ | 5/6 [00:00\u003c00:00, 11.11it/s, |]       \rflatbuffer_direct post-lowering [6/6] topological sort:  83%|████████▎ | 5/6 [00:00\u003c00:00, 11.11it/s]   \rflatbuffer_direct post-lowering [6/6] topological sort: 100%|██████████| 6/6 [00:00\u003c00:00,  7.55it/s]\rflatbuffer_direct post-lowering [6/6] topological sort: 100%|██████████| 6/6 [00:00\u003c00:00,  7.55it/s]\rflatbuffer_direct post-lowering [6/6] topological sort: 100%|██████████| 6/6 [00:00\u003c00:00,  7.92it/s]\n"}
,{"stream_name":"stderr","time":10748.683512536,"data":"\rflatbuffer_direct export:   0%|          | 0/7 [00:00\u003c?, ?it/s]\rflatbuffer_direct export:   0%|          | 0/7 [00:00\u003c?, ?it/s]\rflatbuffer_direct export:   0%|          | 0/7 [00:00\u003c?, ?it/s, |]\rflatbuffer_direct export [1/7] tensor correspondence report:   0%|          | 0/7 [00:00\u003c?, ?it/s, |]\rflatbuffer_direct export [1/7] tensor correspondence report:   0%|          | 0/7 [00:00\u003c?, ?it/s]   \rflatbuffer_direct export [1/7] tensor correspondence report:  14%|█▍        | 1/7 [00:00\u003c00:00, 78.53it/s]\rflatbuffer_direct export [1/7] tensor correspondence report:  14%|█▍        | 1/7 [00:00\u003c00:00, 77.56it/s, |]\rflatbuffer_direct export [2/7] write float32 tflite:  14%|█▍        | 1/7 [00:00\u003c00:00, 75.41it/s, |]        \n"}
,{"stream_name":"stderr","time":10748.683534151,"data":"\rflatbuffer_direct post-lowering [5/6] terminal cleanup passes:  67%|██████▋   | 4/6 [00:00\u003c00:00, 11.11it/s, -]\rflatbuffer_direct post-lowering [5/6] terminal cleanup passes:  67%|██████▋   | 4/6 [00:00\u003c00:00, 11.11it/s]   \rflatbuffer_direct post-lowering [5/6] terminal cleanup passes:  83%|████████▎ | 5/6 [00:00\u003c00:00, 11.11it/s]\rflatbuffer_direct post-lowering [5/6] terminal cleanup passes:  83%|████████▎ | 5/6 [00:00\u003c00:00, 11.11it/s, |]\rflatbuffer_direct post-lowering [6/6] topological sort:  83%|████████▎ | 5/6 [00:00\u003c00:00, 11.11it/s, |]       \rflatbuffer_direct post-lowering [6/6] topological sort:  83%|████████▎ | 5/6 [00:00\u003c00:00, 11.11it/s]   \rflatbuffer_direct post-lowering [6/6] topological sort: 100%|██████████| 6/6 [00:00\u003c00:00,  7.55it/s]\rflatbuffer_direct post-lowering [6/6] topological sort: 100%|██████████| 6/6 [00:00\u003c00:00,  7.55it/s]\rflatbuffer_direct post-lowering [6/6] topological sort: 100%|██████████| 6/6 [00:00\u003c00:00,  7.92it/s]\n"}
,{"stream_name":"stderr","time":10748.770040144,"data":"\rflatbuffer_direct export:   0%|          | 0/7 [00:00\u003c?, ?it/s]\rflatbuffer_direct export:   0%|          | 0/7 [00:00\u003c?, ?it/s]\rflatbuffer_direct export:   0%|          | 0/7 [00:00\u003c?, ?it/s, |]\rflatbuffer_direct export [1/7] tensor correspondence report:   0%|          | 0/7 [00:00\u003c?, ?it/s, |]\rflatbuffer_direct export [1/7] tensor correspondence report:   0%|          | 0/7 [00:00\u003c?, ?it/s]   \rflatbuffer_direct export [1/7] tensor correspondence report:  14%|█▍        | 1/7 [00:00\u003c00:00, 78.53it/s]\rflatbuffer_direct export [1/7] tensor correspondence report:  14%|█▍        | 1/7 [00:00\u003c00:00, 77.56it/s, |]\rflatbuffer_direct export [2/7] write float32 tflite:  14%|█▍        | 1/7 [00:00\u003c00:00, 75.41it/s, |]        \r                                                                                                     \r\rflatbuffer_direct export [2/7] write float32 tflite:  14%|█▍        | 1/7 [00:00\u003c00:00,  8.90it/s, |]\rflatbuffer_direct export [2/7] write float32 tflite:  14%|█▍        | 1/7 [00:00\u003c00:00,  8.84it/s]   \rflatbuffer_direct export [2/7] write float32 tflite:  29%|██▊       | 2/7 [00:00\u003c00:00, 17.65it/s]\rflatbuffer_direct export [2/7] write float32 tflite:  29%|██▊       | 2/7 [00:00\u003c00:00, 17.65it/s]\rflatbuffer_direct export [2/7] write float32 tflite:  29%|██▊       | 2/7 [00:00\u003c00:00, 17.59it/s]\n"}
,{"stream_name":"stderr","time":10748.770072597,"data":"Traceback (most recent call last):\n"}
,{"stream_name":"stderr","time":10748.77014333,"data":"  File \"/usr/local/lib/python3.12/dist-packages/onnx2tf/onnx2tf.py\", line 6433, in convert\n"}
,{"stream_name":"stderr","time":10748.771406306,"data":"    direct_outputs = _run_flatbuffer_direct_export(\n"}
,{"stream_name":"stderr","time":10748.771423421,"data":"                     ^^^^^^^^^^^^^^^^^^^^^^^^^^^^^^\n"}
,{"stream_name":"stderr","time":10748.771427764,"data":"  File \"/usr/local/lib/python3.12/dist-packages/onnx2tf/onnx2tf.py\", line 6187, in _run_flatbuffer_direct_export\n"}
,{"stream_name":"stderr","time":10748.772670297,"data":"    raise direct_error\n"}
,{"stream_name":"stderr","time":10748.772685197,"data":"  File \"/usr/local/lib/python3.12/dist-packages/onnx2tf/onnx2tf.py\", line 6078, in _run_flatbuffer_direct_export\n"}
,{"stream_name":"stderr","time":10748.773827938,"data":"    direct_outputs = export_tflite_model_flatbuffer_direct(\n"}
,{"stream_name":"stderr","time":10748.773861162,"data":"                     ^^^^^^^^^^^^^^^^^^^^^^^^^^^^^^^^^^^^^^\n"}
,{"stream_name":"stderr","time":10748.773866563,"data":"  File \"/usr/local/lib/python3.12/dist-packages/onnx2tf/tflite_builder/__init__.py\", line 775, in export_tflite_model_flatbuffer_direct\n"}
,{"stream_name":"stderr","time":10748.774155615,"data":"    calibration_samples = load_calibration_samples(\n"}
,{"stream_name":"stderr","time":10748.774164832,"data":"                          ^^^^^^^^^^^^^^^^^^^^^^^^^\n"}
,{"stream_name":"stderr","time":10748.774168752,"data":"  File \"/usr/local/lib/python3.12/dist-packages/onnx2tf/tflite_builder/quantization.py\", line 305, in load_calibration_samples\n"}
,{"stream_name":"stderr","time":10748.774339053,"data":"    raise StrictFullIntegerQuantizationError(\n"}
,{"stream_name":"stderr","time":10748.774346065,"data":"onnx2tf.tflite_builder.quantization.StrictFullIntegerQuantizationError: flatbuffer_direct strict integer quantization requires custom_input_op_name_np_data_path entries with input name, npy path, mean, and std.\n"}
,{"stream_name":"stderr","time":10748.77435037,"data":"\n"}
,{"stream_name":"stderr","time":10748.774353702,"data":"The above exception was the direct cause of the following exception:\n"}
,{"stream_name":"stderr","time":10748.774357172,"data":"\n"}
,{"stream_name":"stderr","time":10748.774360318,"data":"Traceback (most recent call last):\n"}
,{"stream_name":"stderr","time":10748.774363703,"data":"  File \"/usr/local/bin/onnx2tf\", line 8, in \u003cmodule\u003e\n"}
,{"stream_name":"stderr","time":10748.774972197,"data":"    sys.exit(main())\n"}
,{"stream_name":"stderr","time":10748.774983987,"data":"             ^^^^^^\n"}
,{"stream_name":"stderr","time":10748.77498794,"data":"  File \"/usr/local/lib/python3.12/dist-packages/onnx2tf/__init__.py\", line 21, in main\n"}
,{"stream_name":"stderr","time":10748.774997238,"data":"    return _main(*args, **kwargs)\n"}
,{"stream_name":"stderr","time":10748.774999795,"data":"           ^^^^^^^^^^^^^^^^^^^^^^\n"}
,{"stream_name":"stderr","time":10748.775002095,"data":"  File \"/usr/local/lib/python3.12/dist-packages/onnx2tf/onnx2tf.py\", line 9032, in main\n"}
,{"stream_name":"stderr","time":10748.776233522,"data":"    model = convert(\n"}
,{"stream_name":"stderr","time":10748.776249867,"data":"            ^^^^^^^^\n"}
,{"stream_name":"stderr","time":10748.776438903,"data":"  File \"/usr/local/lib/python3.12/dist-packages/onnx2tf/onnx2tf.py\", line 6453, in convert\n"}
,{"stream_name":"stderr","time":10748.777569668,"data":"    raise RuntimeError(\n"}
,{"stream_name":"stderr","time":10748.777592865,"data":"RuntimeError: flatbuffer_direct fast path failed.\n"}
,{"stream_name":"stdout","time":10748.903678508,"data":"│ Add               │onnx2tf a echoue malgre l'acces internet — verifier les logs ci-dessus.\n"}
,{"stream_name":"stderr","time":10748.904989169,"data":"\r                                                                                                     \r\rflatbuffer_direct export [2/7] write float32 tflite:  14%|█▍        | 1/7 [00:00\u003c00:00,  8.90it/s, |]\rflatbuffer_direct export [2/7] write float32 tflite:  14%|█▍        | 1/7 [00:00\u003c00:00,  8.84it/s]   \rflatbuffer_direct export [2/7] write float32 tflite:  29%|██▊       | 2/7 [00:00\u003c00:00, 17.65it/s]\rflatbuffer_direct export [2/7] write float32 tflite:  29%|██▊       | 2/7 [00:00\u003c00:00, 17.65it/s]\rflatbuffer_direct export [2/7] write float32 tflite:  29%|██▊       | 2/7 [00:00\u003c00:00, 17.59it/s]\n"}
,{"stream_name":"stderr","time":10748.905020167,"data":"Traceback (most recent call last):\n"}
,{"stream_name":"stderr","time":10748.905025329,"data":"  File \"/usr/local/lib/python3.12/dist-packages/onnx2tf/onnx2tf.py\", line 6433, in convert\n"}
,{"stream_name":"stderr","time":10748.905043838,"data":"    direct_outputs = _run_flatbuffer_direct_export(\n"}
,{"stream_name":"stderr","time":10748.905047913,"data":"                     ^^^^^^^^^^^^^^^^^^^^^^^^^^^^^^\n"}
,{"stream_name":"stderr","time":10748.905051421,"data":"  File \"/usr/local/lib/python3.12/dist-packages/onnx2tf/onnx2tf.py\", line 6187, in _run_flatbuffer_direct_export\n"}
,{"stream_name":"stderr","time":10748.905055467,"data":"    raise direct_error\n"}
,{"stream_name":"stderr","time":10748.905059114,"data":"  File \"/usr/local/lib/python3.12/dist-packages/onnx2tf/onnx2tf.py\", line 6078, in _run_flatbuffer_direct_export\n"}
,{"stream_name":"stderr","time":10748.905063375,"data":"    direct_outputs = export_tflite_model_flatbuffer_direct(\n"}
,{"stream_name":"stderr","time":10748.905067296,"data":"                     ^^^^^^^^^^^^^^^^^^^^^^^^^^^^^^^^^^^^^^\n"}
,{"stream_name":"stderr","time":10748.905073368,"data":"  File \"/usr/local/lib/python3.12/dist-packages/onnx2tf/tflite_builder/__init__.py\", line 775, in export_tflite_model_flatbuffer_direct\n"}
,{"stream_name":"stderr","time":10748.905077506,"data":"    calibration_samples = load_calibration_samples(\n"}
,{"stream_name":"stderr","time":10748.905081159,"data":"                          ^^^^^^^^^^^^^^^^^^^^^^^^^\n"}
,{"stream_name":"stderr","time":10748.905084618,"data":"  File \"/usr/local/lib/python3.12/dist-packages/onnx2tf/tflite_builder/quantization.py\", line 305, in load_calibration_samples\n"}
,{"stream_name":"stderr","time":10748.905088174,"data":"    raise StrictFullIntegerQuantizationError(\n"}
,{"stream_name":"stderr","time":10748.905091895,"data":"onnx2tf.tflite_builder.quantization.StrictFullIntegerQuantizationError: flatbuffer_direct strict integer quantization requires custom_input_op_name_np_data_path entries with input name, npy path, mean, and std.\n"}
,{"stream_name":"stderr","time":10748.905095832,"data":"\n"}
,{"stream_name":"stderr","time":10748.905099041,"data":"The above exception was the direct cause of the following exception:\n"}
,{"stream_name":"stderr","time":10748.905102512,"data":"\n"}
,{"stream_name":"stderr","time":10748.905106662,"data":"Traceback (most recent call last):\n"}
,{"stream_name":"stderr","time":10748.905110348,"data":"  File \"/usr/local/bin/onnx2tf\", line 8, in \u003cmodule\u003e\n"}
,{"stream_name":"stderr","time":10748.905114132,"data":"    sys.exit(main())\n"}
,{"stream_name":"stderr","time":10748.905118604,"data":"             ^^^^^^\n"}
,{"stream_name":"stderr","time":10748.905122547,"data":"  File \"/usr/local/lib/python3.12/dist-packages/onnx2tf/__init__.py\", line 21, in main\n"}
,{"stream_name":"stderr","time":10748.905126191,"data":"    return _main(*args, **kwargs)\n"}
,{"stream_name":"stderr","time":10748.905129435,"data":"           ^^^^^^^^^^^^^^^^^^^^^^\n"}
,{"stream_name":"stderr","time":10748.905132794,"data":"  File \"/usr/local/lib/python3.12/dist-packages/onnx2tf/onnx2tf.py\", line 9032, in main\n"}
,{"stream_name":"stderr","time":10748.905136419,"data":"    model = convert(\n"}
,{"stream_name":"stderr","time":10748.90513964,"data":"            ^^^^^^^^\n"}
,{"stream_name":"stderr","time":10748.905142791,"data":"  File \"/usr/local/lib/python3.12/dist-packages/onnx2tf/onnx2tf.py\", line 6453, in convert\n"}
,{"stream_name":"stderr","time":10748.905146405,"data":"    raise RuntimeError(\n"}
,{"stream_name":"stderr","time":10748.905149762,"data":"RuntimeError: flatbuffer_direct fast path failed.\n"}
,{"stream_name":"stderr","time":10748.905153249,"data":"\n"}
,{"stream_name":"stderr","time":10748.905157415,"data":"\r                                                                                                     \r\rflatbuffer_direct export [2/7] write float32 tflite:  14%|█▍        | 1/7 [00:00\u003c00:00,  8.90it/s, |]\rflatbuffer_direct export [2/7] write float32 tflite:  14%|█▍        | 1/7 [00:00\u003c00:00,  8.84it/s]   \rflatbuffer_direct export [2/7] write float32 tflite:  29%|██▊       | 2/7 [00:00\u003c00:00, 17.65it/s]\rflatbuffer_direct export [2/7] write float32 tflite:  29%|██▊       | 2/7 [00:00\u003c00:00, 17.65it/s]\rflatbuffer_direct export [2/7] write float32 tflite:  29%|██▊       | 2/7 [00:00\u003c00:00, 17.59it/s]\n"}
,{"stream_name":"stderr","time":10748.905176731,"data":"Traceback (most recent call last):\n"}
,{"stream_name":"stderr","time":10748.905180447,"data":"  File \"/usr/local/lib/python3.12/dist-packages/onnx2tf/onnx2tf.py\", line 6433, in convert\n"}
,{"stream_name":"stderr","time":10748.905184191,"data":"    direct_outputs = _run_flatbuffer_direct_export(\n"}
,{"stream_name":"stderr","time":10748.905187686,"data":"                     ^^^^^^^^^^^^^^^^^^^^^^^^^^^^^^\n"}
,{"stream_name":"stderr","time":10748.905191309,"data":"  File \"/usr/local/lib/python3.12/dist-packages/onnx2tf/onnx2tf.py\", line 6187, in _run_flatbuffer_direct_export\n"}
,{"stream_name":"stderr","time":10748.905195158,"data":"    raise direct_error\n"}
,{"stream_name":"stderr","time":10748.905198821,"data":"  File \"/usr/local/lib/python3.12/dist-packages/onnx2tf/onnx2tf.py\", line 6078, in _run_flatbuffer_direct_export\n"}
,{"stream_name":"stderr","time":10748.905202655,"data":"    direct_outputs = export_tflite_model_flatbuffer_direct(\n"}
,{"stream_name":"stderr","time":10748.905205979,"data":"                     ^^^^^^^^^^^^^^^^^^^^^^^^^^^^^^^^^^^^^^\n"}
,{"stream_name":"stderr","time":10748.905209269,"data":"  File \"/usr/local/lib/python3.12/dist-packages/onnx2tf/tflite_builder/__init__.py\", line 775, in export_tflite_model_flatbuffer_direct\n"}
,{"stream_name":"stderr","time":10748.905213875,"data":"    calibration_samples = load_calibration_samples(\n"}
,{"stream_name":"stderr","time":10748.905217154,"data":"                          ^^^^^^^^^^^^^^^^^^^^^^^^^\n"}
,{"stream_name":"stderr","time":10748.905221795,"data":"  File \"/usr/local/lib/python3.12/dist-packages/onnx2tf/tflite_builder/quantization.py\", line 305, in load_calibration_samples\n"}
,{"stream_name":"stderr","time":10748.905225399,"data":"    raise StrictFullIntegerQuantizationError(\n"}
,{"stream_name":"stderr","time":10748.905228832,"data":"onnx2tf.tflite_builder.quantization.StrictFullIntegerQuantizationError: flatbuffer_direct strict integer quantization requires custom_input_op_name_np_data_path entries with input name, npy path, mean, and std.\n"}
,{"stream_name":"stderr","time":10748.905232341,"data":"\n"}
,{"stream_name":"stderr","time":10748.905235445,"data":"The above exception was the direct cause of the following exception:\n"}
,{"stream_name":"stderr","time":10748.905239059,"data":"\n"}
,{"stream_name":"stderr","time":10748.90524227,"data":"Traceback (most recent call last):\n"}
,{"stream_name":"stderr","time":10748.905245521,"data":"  File \"/usr/local/bin/onnx2tf\", line 8, in \u003cmodule\u003e\n"}
,{"stream_name":"stderr","time":10748.905249264,"data":"    sys.exit(main())\n"}
,{"stream_name":"stderr","time":10748.905252524,"data":"             ^^^^^^\n"}
,{"stream_name":"stderr","time":10748.905255734,"data":"  File \"/usr/local/lib/python3.12/dist-packages/onnx2tf/__init__.py\", line 21, in main\n"}
,{"stream_name":"stderr","time":10748.90525957,"data":"    return _main(*args, **kwargs)\n"}
,{"stream_name":"stderr","time":10748.905262974,"data":"           ^^^^^^^^^^^^^^^^^^^^^^\n"}
,{"stream_name":"stderr","time":10748.905266344,"data":"  File \"/usr/local/lib/python3.12/dist-packages/onnx2tf/onnx2tf.py\", line 9032, in main\n"}
,{"stream_name":"stderr","time":10748.905270122,"data":"    model = convert(\n"}
,{"stream_name":"stderr","time":10748.905277373,"data":"            ^^^^^^^^\n"}
,{"stream_name":"stderr","time":10748.905280854,"data":"  File \"/usr/local/lib/python3.12/dist-packages/onnx2tf/onnx2tf.py\", line 6453, in convert\n"}
,{"stream_name":"stderr","time":10748.905284485,"data":"    raise RuntimeError(\n"}
,{"stream_name":"stderr","time":10748.905287864,"data":"RuntimeError: flatbuffer_direct fast path failed.\n"}
,{"stream_name":"stderr","time":10754.125346527,"data":"/usr/local/lib/python3.12/dist-packages/mistune.py:435: SyntaxWarning: invalid escape sequence '\\|'\n"}
,{"stream_name":"stderr","time":10754.125375257,"data":"  cells[i][c] = re.sub('\\\\\\\\\\|', '|', cell)\n"}
,{"stream_name":"stderr","time":10754.274751862,"data":"/usr/local/lib/python3.12/dist-packages/nbconvert/filters/filter_links.py:36: SyntaxWarning: invalid escape sequence '\\_'\n"}
,{"stream_name":"stderr","time":10754.274791587,"data":"  text = re.sub(r'_', '\\_', text) # Escape underscores in display text\n"}
,{"stream_name":"stderr","time":10755.718850685,"data":"[NbConvertApp] Converting notebook __notebook__.ipynb to notebook\n"}
,{"stream_name":"stderr","time":10756.027954632,"data":"[NbConvertApp] Writing 77086 bytes to __notebook__.ipynb\n"}
,{"stream_name":"stderr","time":10758.320672546,"data":"[NbConvertApp] Converting notebook __notebook__.ipynb to html\n"}
,{"stream_name":"stderr","time":10759.205168134,"data":"[NbConvertApp] Writing 422830 bytes to __results__.html\n"}
]